Archive member included to satisfy reference by file (symbol)

/usr/share/gcc-arm-none-eabi-13.2.rel1/bin/../lib/gcc/arm-none-eabi/13.2.1/../../../../arm-none-eabi/lib/thumb/v8-m.main+fp/hard/libc_nano.a(libc_a-exit.o)
                              /usr/share/gcc-arm-none-eabi-13.2.rel1/bin/../lib/gcc/arm-none-eabi/13.2.1/../../../../arm-none-eabi/lib/thumb/v8-m.main+fp/hard/crt0.o (exit)
/usr/share/gcc-arm-none-eabi-13.2.rel1/bin/../lib/gcc/arm-none-eabi/13.2.1/../../../../arm-none-eabi/lib/thumb/v8-m.main+fp/hard/libc_nano.a(libc_a-init.o)
                              /usr/share/gcc-arm-none-eabi-13.2.rel1/bin/../lib/gcc/arm-none-eabi/13.2.1/../../../../arm-none-eabi/lib/thumb/v8-m.main+fp/hard/crt0.o (__libc_init_array)
/usr/share/gcc-arm-none-eabi-13.2.rel1/bin/../lib/gcc/arm-none-eabi/13.2.1/../../../../arm-none-eabi/lib/thumb/v8-m.main+fp/hard/libc_nano.a(libc_a-findfp.o)
                              /usr/share/gcc-arm-none-eabi-13.2.rel1/bin/../lib/gcc/arm-none-eabi/13.2.1/../../../../arm-none-eabi/lib/thumb/v8-m.main+fp/hard/libc_nano.a(libc_a-exit.o) (__stdio_exit_handler)
/usr/share/gcc-arm-none-eabi-13.2.rel1/bin/../lib/gcc/arm-none-eabi/13.2.1/../../../../arm-none-eabi/lib/thumb/v8-m.main+fp/hard/libc_nano.a(libc_a-stdio.o)
                              /usr/share/gcc-arm-none-eabi-13.2.rel1/bin/../lib/gcc/arm-none-eabi/13.2.1/../../../../arm-none-eabi/lib/thumb/v8-m.main+fp/hard/libc_nano.a(libc_a-findfp.o) (__sread)
/usr/share/gcc-arm-none-eabi-13.2.rel1/bin/../lib/gcc/arm-none-eabi/13.2.1/../../../../arm-none-eabi/lib/thumb/v8-m.main+fp/hard/libc_nano.a(libc_a-readr.o)
                              /usr/share/gcc-arm-none-eabi-13.2.rel1/bin/../lib/gcc/arm-none-eabi/13.2.1/../../../../arm-none-eabi/lib/thumb/v8-m.main+fp/hard/libc_nano.a(libc_a-stdio.o) (_read_r)
/usr/share/gcc-arm-none-eabi-13.2.rel1/bin/../lib/gcc/arm-none-eabi/13.2.1/../../../../arm-none-eabi/lib/thumb/v8-m.main+fp/hard/libc_nano.a(libc_a-writer.o)
                              /usr/share/gcc-arm-none-eabi-13.2.rel1/bin/../lib/gcc/arm-none-eabi/13.2.1/../../../../arm-none-eabi/lib/thumb/v8-m.main+fp/hard/libc_nano.a(libc_a-stdio.o) (_write_r)
/usr/share/gcc-arm-none-eabi-13.2.rel1/bin/../lib/gcc/arm-none-eabi/13.2.1/../../../../arm-none-eabi/lib/thumb/v8-m.main+fp/hard/libc_nano.a(libc_a-fwalk.o)
                              /usr/share/gcc-arm-none-eabi-13.2.rel1/bin/../lib/gcc/arm-none-eabi/13.2.1/../../../../arm-none-eabi/lib/thumb/v8-m.main+fp/hard/libc_nano.a(libc_a-findfp.o) (_fwalk_sglue)
/usr/share/gcc-arm-none-eabi-13.2.rel1/bin/../lib/gcc/arm-none-eabi/13.2.1/../../../../arm-none-eabi/lib/thumb/v8-m.main+fp/hard/libc_nano.a(libc_a-memset.o)
                              /usr/share/gcc-arm-none-eabi-13.2.rel1/bin/../lib/gcc/arm-none-eabi/13.2.1/../../../../arm-none-eabi/lib/thumb/v8-m.main+fp/hard/crt0.o (memset)
/usr/share/gcc-arm-none-eabi-13.2.rel1/bin/../lib/gcc/arm-none-eabi/13.2.1/../../../../arm-none-eabi/lib/thumb/v8-m.main+fp/hard/libc_nano.a(libc_a-lock.o)
                              /usr/share/gcc-arm-none-eabi-13.2.rel1/bin/../lib/gcc/arm-none-eabi/13.2.1/../../../../arm-none-eabi/lib/thumb/v8-m.main+fp/hard/libc_nano.a(libc_a-findfp.o) (__retarget_lock_init_recursive)
/usr/share/gcc-arm-none-eabi-13.2.rel1/bin/../lib/gcc/arm-none-eabi/13.2.1/../../../../arm-none-eabi/lib/thumb/v8-m.main+fp/hard/libc_nano.a(libc_a-closer.o)
                              /usr/share/gcc-arm-none-eabi-13.2.rel1/bin/../lib/gcc/arm-none-eabi/13.2.1/../../../../arm-none-eabi/lib/thumb/v8-m.main+fp/hard/libc_nano.a(libc_a-stdio.o) (_close_r)
/usr/share/gcc-arm-none-eabi-13.2.rel1/bin/../lib/gcc/arm-none-eabi/13.2.1/../../../../arm-none-eabi/lib/thumb/v8-m.main+fp/hard/libc_nano.a(libc_a-reent.o)
                              /usr/share/gcc-arm-none-eabi-13.2.rel1/bin/../lib/gcc/arm-none-eabi/13.2.1/../../../../arm-none-eabi/lib/thumb/v8-m.main+fp/hard/libc_nano.a(libc_a-readr.o) (errno)
/usr/share/gcc-arm-none-eabi-13.2.rel1/bin/../lib/gcc/arm-none-eabi/13.2.1/../../../../arm-none-eabi/lib/thumb/v8-m.main+fp/hard/libc_nano.a(libc_a-impure.o)
                              /usr/share/gcc-arm-none-eabi-13.2.rel1/bin/../lib/gcc/arm-none-eabi/13.2.1/../../../../arm-none-eabi/lib/thumb/v8-m.main+fp/hard/libc_nano.a(libc_a-reent.o) (_impure_ptr)
/usr/share/gcc-arm-none-eabi-13.2.rel1/bin/../lib/gcc/arm-none-eabi/13.2.1/../../../../arm-none-eabi/lib/thumb/v8-m.main+fp/hard/libc_nano.a(libc_a-fflush.o)
                              /usr/share/gcc-arm-none-eabi-13.2.rel1/bin/../lib/gcc/arm-none-eabi/13.2.1/../../../../arm-none-eabi/lib/thumb/v8-m.main+fp/hard/libc_nano.a(libc_a-findfp.o) (_fflush_r)
/usr/share/gcc-arm-none-eabi-13.2.rel1/bin/../lib/gcc/arm-none-eabi/13.2.1/../../../../arm-none-eabi/lib/thumb/v8-m.main+fp/hard/libc_nano.a(libc_a-mallocr.o)
[...]
Memory Configuration

Name             Origin             Length             Attributes
RAM              0x20000000         0x000c0000         xrw
ROM              0x08000000         0x00200000         xr
SRAM4            0x28000000         0x00004000         xrw
*default*        0x00000000         0xffffffff

Linker script and memory map

LOAD /usr/share/gcc-arm-none-eabi-13.2.rel1/bin/../lib/gcc/arm-none-eabi/13.2.1/thumb/v8-m.main+fp/hard/crti.o
LOAD /usr/share/gcc-arm-none-eabi-13.2.rel1/bin/../lib/gcc/arm-none-eabi/13.2.1/thumb/v8-m.main+fp/hard/crtbegin.o
LOAD /usr/share/gcc-arm-none-eabi-13.2.rel1/bin/../lib/gcc/arm-none-eabi/13.2.1/../../../../arm-none-eabi/lib/thumb/v8-m.main+fp/hard/crt0.o
START GROUP
LOAD /usr/share/gcc-arm-none-eabi-13.2.rel1/bin/../lib/gcc/arm-none-eabi/13.2.1/../../../../arm-none-eabi/lib/thumb/v8-m.main+fp/hard/libc_nano.a
LOAD /usr/share/gcc-arm-none-eabi-13.2.rel1/bin/../lib/gcc/arm-none-eabi/13.2.1/../../../../arm-none-eabi/lib/thumb/v8-m.main+fp/hard/libm.a
END GROUP
LOAD cmake/stm32cubemx/CMakeFiles/STM32_Drivers.dir/__/__/Core/Src/system_stm32u5xx.c.obj
LOAD cmake/stm32cubemx/CMakeFiles/STM32_Drivers.dir/__/__/Drivers/STM32U5xx_HAL_Driver/Src/stm32u5xx_hal_cortex.c.obj
LOAD cmake/stm32cubemx/CMakeFiles/STM32_Drivers.dir/__/__/Drivers/STM32U5xx_HAL_Driver/Src/stm32u5xx_hal.c.obj
LOAD cmake/stm32cubemx/CMakeFiles/STM32_Drivers.dir/__/__/Drivers/STM32U5xx_HAL_Driver/Src/stm32u5xx_hal_i2c.c.obj
LOAD cmake/stm32cubemx/CMakeFiles/STM32_Drivers.dir/__/__/Drivers/STM32U5xx_HAL_Driver/Src/stm32u5xx_hal_i2c_ex.c.obj
LOAD cmake/stm32cubemx/CMakeFiles/STM32_Drivers.dir/__/__/Drivers/STM32U5xx_HAL_Driver/Src/stm32u5xx_hal_rcc.c.obj
LOAD cmake/stm32cubemx/CMakeFiles/STM32_Drivers.dir/__/__/Drivers/STM32U5xx_HAL_Driver/Src/stm32u5xx_hal_rcc_ex.c.obj
LOAD cmake/stm32cubemx/CMakeFiles/STM32_Drivers.dir/__/__/Drivers/STM32U5xx_HAL_Driver/Src/stm32u5xx_hal_flash.c.obj
LOAD cmake/stm32cubemx/CMakeFiles/STM32_Drivers.dir/__/__/Drivers/STM32U5xx_HAL_Driver/Src/stm32u5xx_hal_flash_ex.c.obj
LOAD cmake/stm32cubemx/CMakeFiles/STM32_Drivers.dir/__/__/Drivers/STM32U5xx_HAL_Driver/Src/stm32u5xx_hal_gpio.c.obj
LOAD cmake/stm32cubemx/CMakeFiles/STM32_Drivers.dir/__/__/Drivers/STM32U5xx_HAL_Driver/Src/stm32u5xx_hal_dma.c.obj
LOAD cmake/stm32cubemx/CMakeFiles/STM32_Drivers.dir/__/__/Drivers/STM32U5xx_HAL_Driver/Src/stm32u5xx_hal_dma_ex.c.obj
LOAD cmake/stm32cubemx/CMakeFiles/STM32_Drivers.dir/__/__/Drivers/STM32U5xx_HAL_Driver/Src/stm32u5xx_hal_exti.c.obj
LOAD cmake/stm32cubemx/CMakeFiles/STM32_Drivers.dir/__/__/Drivers/STM32U5xx_HAL_Driver/Src/stm32u5xx_hal_pwr.c.obj
LOAD cmake/stm32cubemx/CMakeFiles/STM32_Drivers.dir/__/__/Drivers/STM32U5xx_HAL_Driver/Src/stm32u5xx_hal_pwr_ex.c.obj
LOAD cmake/stm32cubemx/CMakeFiles/STM32_Drivers.dir/__/__/Drivers/STM32U5xx_HAL_Driver/Src/stm32u5xx_hal_gtzc.c.obj
LOAD cmake/stm32cubemx/CMakeFiles/STM32_Drivers.dir/__/__/Drivers/STM32U5xx_HAL_Driver/Src/stm32u5xx_hal_icache.c.obj
LOAD cmake/stm32cubemx/CMakeFiles/STM32_Drivers.dir/__/__/Drivers/STM32U5xx_HAL_Driver/Src/stm32u5xx_hal_uart.c.obj
LOAD cmake/stm32cubemx/CMakeFiles/STM32_Drivers.dir/__/__/Drivers/STM32U5xx_HAL_Driver/Src/stm32u5xx_hal_uart_ex.c.obj
LOAD CMakeFiles/test_08-04-2025_button.dir/Core/Src/main.c.obj
LOAD CMakeFiles/test_08-04-2025_button.dir/Core/Src/stm32u5xx_it.c.obj
LOAD CMakeFiles/test_08-04-2025_button.dir/Core/Src/stm32u5xx_hal_msp.c.obj
LOAD CMakeFiles/test_08-04-2025_button.dir/Core/Src/sysmem.c.obj
LOAD CMakeFiles/test_08-04-2025_button.dir/Core/Src/syscalls.c.obj
LOAD CMakeFiles/test_08-04-2025_button.dir/startup_stm32u575xx.s.obj
START GROUP
LOAD /usr/share/gcc-arm-none-eabi-13.2.rel1/bin/../lib/gcc/arm-none-eabi/13.2.1/thumb/v8-m.main+fp/hard/libgcc.a
LOAD /usr/share/gcc-arm-none-eabi-13.2.rel1/bin/../lib/gcc/arm-none-eabi/13.2.1/../../../../arm-none-eabi/lib/thumb/v8-m.main+fp/hard/libg_nano.a
LOAD /usr/share/gcc-arm-none-eabi-13.2.rel1/bin/../lib/gcc/arm-none-eabi/13.2.1/../../../../arm-none-eabi/lib/thumb/v8-m.main+fp/hard/libc_nano.a
END GROUP
START GROUP
LOAD /usr/share/gcc-arm-none-eabi-13.2.rel1/bin/../lib/gcc/arm-none-eabi/13.2.1/thumb/v8-m.main+fp/hard/libgcc.a
LOAD /usr/share/gcc-arm-none-eabi-13.2.rel1/bin/../lib/gcc/arm-none-eabi/13.2.1/../../../../arm-none-eabi/lib/thumb/v8-m.main+fp/hard/libc_nano.a
END GROUP
LOAD /usr/share/gcc-arm-none-eabi-13.2.rel1/bin/../lib/gcc/arm-none-eabi/13.2.1/thumb/v8-m.main+fp/hard/crtend.o
LOAD /usr/share/gcc-arm-none-eabi-13.2.rel1/bin/../lib/gcc/arm-none-eabi/13.2.1/thumb/v8-m.main+fp/hard/crtn.o
                0x200c0000                        _estack = (ORIGIN (RAM) + LENGTH (RAM))
                0x00000200                        _Min_Heap_Size = 0x200
                0x00000400                        _Min_Stack_Size = 0x400

.isr_vector     0x08000000      0x238
                0x08000000                        . = ALIGN (0x8)
 *(.isr_vector)
 .isr_vector    0x08000000      0x238 CMakeFiles/test_08-04-2025_button.dir/startup_stm32u575xx.s.obj
                0x08000000                g_pfnVectors
                0x08000238                        . = ALIGN (0x8)

.text           0x08000238     0x71d8
                0x08000238                        . = ALIGN (0x8)
 *(.text)
 .text          0x08000238       0x30 /usr/share/gcc-arm-none-eabi-13.2.rel1/bin/../lib/gcc/arm-none-eabi/13.2.1/thumb/v8-m.main+fp/hard/libgcc.a(_aeabi_uldivmod.o)
                0x08000238                __aeabi_uldivmod
 .text          0x08000268        0x4 /usr/share/gcc-arm-none-eabi-13.2.rel1/bin/../lib/gcc/arm-none-eabi/13.2.1/thumb/v8-m.main+fp/hard/libgcc.a(_dvmd_tls.o)
                0x08000268                __aeabi_ldiv0
                0x08000268                __aeabi_idiv0
 *(.text*)
 .text.deregister_tm_clones
                0x0800026c       0x1c /usr/share/gcc-arm-none-eabi-13.2.rel1/bin/../lib/gcc/arm-none-eabi/13.2.1/thumb/v8-m.main+fp/hard/crtbegin.o
 .text.register_tm_clones
                0x08000288       0x28 /usr/share/gcc-arm-none-eabi-13.2.rel1/bin/../lib/gcc/arm-none-eabi/13.2.1/thumb/v8-m.main+fp/hard/crtbegin.o
 .text.__do_global_dtors_aux
                0x080002b0       0x28 /usr/share/gcc-arm-none-eabi-13.2.rel1/bin/../lib/gcc/arm-none-eabi/13.2.1/thumb/v8-m.main+fp/hard/crtbegin.o
 .text.frame_dummy
                0x080002d8       0x24 /usr/share/gcc-arm-none-eabi-13.2.rel1/bin/../lib/gcc/arm-none-eabi/13.2.1/thumb/v8-m.main+fp/hard/crtbegin.o
 .text.__libc_init_array
                0x080002fc       0x48 /usr/share/gcc-arm-none-eabi-13.2.rel1/bin/../lib/gcc/arm-none-eabi/13.2.1/../../../../arm-none-eabi/lib/thumb/v8-m.main+fp/hard/libc_nano.a(libc_a-init.o)
                0x080002fc                __libc_init_array
 .text.memset   0x08000344       0x10 /usr/share/gcc-arm-none-eabi-13.2.rel1/bin/../lib/gcc/arm-none-eabi/13.2.1/../../../../arm-none-eabi/lib/thumb/v8-m.main+fp/hard/libc_nano.a(libc_a-memset.o)
                0x08000344                memset
 .text.SystemInit
                0x08000354       0x70 cmake/stm32cubemx/CMakeFiles/STM32_Drivers.dir/__/__/Core/Src/system_stm32u5xx.c.obj
                0x08000354                SystemInit
 .text.__NVIC_SetPriorityGrouping
                0x080003c4       0x48 cmake/stm32cubemx/CMakeFiles/STM32_Drivers.dir/__/__/Drivers/STM32U5xx_HAL_Driver/Src/stm32u5xx_hal_cortex.c.obj
 .text.__NVIC_GetPriorityGrouping
                0x0800040c       0x1c cmake/stm32cubemx/CMakeFiles/STM32_Drivers.dir/__/__/Drivers/STM32U5xx_HAL_Driver/Src/stm32u5xx_hal_cortex.c.obj
 .text.__NVIC_EnableIRQ
                0x08000428       0x3c cmake/stm32cubemx/CMakeFiles/STM32_Drivers.dir/__/__/Drivers/STM32U5xx_HAL_Driver/Src/stm32u5xx_hal_cortex.c.obj
 .text.__NVIC_SetPriority
                0x08000464       0x54 cmake/stm32cubemx/CMakeFiles/STM32_Drivers.dir/__/__/Drivers/STM32U5xx_HAL_Driver/Src/stm32u5xx_hal_cortex.c.obj
 .text.NVIC_EncodePriority
                0x080004b8       0x66 cmake/stm32cubemx/CMakeFiles/STM32_Drivers.dir/__/__/Drivers/STM32U5xx_HAL_Driver/Src/stm32u5xx_hal_cortex.c.obj
 .text.HAL_NVIC_SetPriorityGrouping
                0x0800051e       0x16 cmake/stm32cubemx/CMakeFiles/STM32_Drivers.dir/__/__/Drivers/STM32U5xx_HAL_Driver/Src/stm32u5xx_hal_cortex.c.obj
                0x0800051e                HAL_NVIC_SetPriorityGrouping
 .text.HAL_NVIC_SetPriority
                0x08000534       0x34 cmake/stm32cubemx/CMakeFiles/STM32_Drivers.dir/__/__/Drivers/STM32U5xx_HAL_Driver/Src/stm32u5xx_hal_cortex.c.obj
                0x08000534                HAL_NVIC_SetPriority
 .text.HAL_NVIC_EnableIRQ
                0x08000568       0x1c cmake/stm32cubemx/CMakeFiles/STM32_Drivers.dir/__/__/Drivers/STM32U5xx_HAL_Driver/Src/stm32u5xx_hal_cortex.c.obj
                0x08000568                HAL_NVIC_EnableIRQ
 .text.HAL_SYSTICK_Config
                0x08000584       0x44 cmake/stm32cubemx/CMakeFiles/STM32_Drivers.dir/__/__/Drivers/STM32U5xx_HAL_Driver/Src/stm32u5xx_hal_cortex.c.obj
                0x08000584                HAL_SYSTICK_Config
 .text.HAL_SYSTICK_CLKSourceConfig
                0x080005c8       0xb0 cmake/stm32cubemx/CMakeFiles/STM32_Drivers.dir/__/__/Drivers/STM32U5xx_HAL_Driver/Src/stm32u5xx_hal_cortex.c.obj
                0x080005c8                HAL_SYSTICK_CLKSourceConfig
 .text.HAL_SYSTICK_GetCLKSourceConfig
                0x08000678       0x74 cmake/stm32cubemx/CMakeFiles/STM32_Drivers.dir/__/__/Drivers/STM32U5xx_HAL_Driver/Src/stm32u5xx_hal_cortex.c.obj
                0x08000678                HAL_SYSTICK_GetCLKSourceConfig
 .text.HAL_Init
                0x080006ec       0x60 cmake/stm32cubemx/CMakeFiles/STM32_Drivers.dir/__/__/Drivers/STM32U5xx_HAL_Driver/Src/stm32u5xx_hal.c.obj
                0x080006ec                HAL_Init
 .text.HAL_InitTick
                0x0800074c       0xec cmake/stm32cubemx/CMakeFiles/STM32_Drivers.dir/__/__/Drivers/STM32U5xx_HAL_Driver/Src/stm32u5xx_hal.c.obj
                0x0800074c                HAL_InitTick
 .text.HAL_IncTick
                0x08000838       0x28 cmake/stm32cubemx/CMakeFiles/STM32_Drivers.dir/__/__/Drivers/STM32U5xx_HAL_Driver/Src/stm32u5xx_hal.c.obj
                0x08000838                HAL_IncTick
 .text.HAL_GetTick
                0x08000860       0x18 cmake/stm32cubemx/CMakeFiles/STM32_Drivers.dir/__/__/Drivers/STM32U5xx_HAL_Driver/Src/stm32u5xx_hal.c.obj
                0x08000860                HAL_GetTick
 .text.HAL_RCC_OscConfig
                0x08000878      0xdb8 cmake/stm32cubemx/CMakeFiles/STM32_Drivers.dir/__/__/Drivers/STM32U5xx_HAL_Driver/Src/stm32u5xx_hal_rcc.c.obj
                0x08000878                HAL_RCC_OscConfig
 .text.HAL_RCC_ClockConfig
                0x08001630      0x3e4 cmake/stm32cubemx/CMakeFiles/STM32_Drivers.dir/__/__/Drivers/STM32U5xx_HAL_Driver/Src/stm32u5xx_hal_rcc.c.obj
                0x08001630                HAL_RCC_ClockConfig
 .text.HAL_RCC_GetSysClockFreq
                0x08001a14      0x204 cmake/stm32cubemx/CMakeFiles/STM32_Drivers.dir/__/__/Drivers/STM32U5xx_HAL_Driver/Src/stm32u5xx_hal_rcc.c.obj
                0x08001a14                HAL_RCC_GetSysClockFreq
 .text.HAL_RCC_GetHCLKFreq
                0x08001c18       0x34 cmake/stm32cubemx/CMakeFiles/STM32_Drivers.dir/__/__/Drivers/STM32U5xx_HAL_Driver/Src/stm32u5xx_hal_rcc.c.obj
                0x08001c18                HAL_RCC_GetHCLKFreq
 .text.HAL_RCC_GetPCLK1Freq
                0x08001c4c       0x28 cmake/stm32cubemx/CMakeFiles/STM32_Drivers.dir/__/__/Drivers/STM32U5xx_HAL_Driver/Src/stm32u5xx_hal_rcc.c.obj
                0x08001c4c                HAL_RCC_GetPCLK1Freq
 .text.HAL_RCC_GetPCLK2Freq
                0x08001c74       0x28 cmake/stm32cubemx/CMakeFiles/STM32_Drivers.dir/__/__/Drivers/STM32U5xx_HAL_Driver/Src/stm32u5xx_hal_rcc.c.obj
                0x08001c74                HAL_RCC_GetPCLK2Freq
 .text.HAL_RCC_GetPCLK3Freq
                0x08001c9c       0x28 cmake/stm32cubemx/CMakeFiles/STM32_Drivers.dir/__/__/Drivers/STM32U5xx_HAL_Driver/Src/stm32u5xx_hal_rcc.c.obj
                0x08001c9c                HAL_RCC_GetPCLK3Freq
 .text.RCC_SetFlashLatencyFromMSIRange
                0x08001cc4      0x10c cmake/stm32cubemx/CMakeFiles/STM32_Drivers.dir/__/__/Drivers/STM32U5xx_HAL_Driver/Src/stm32u5xx_hal_rcc.c.obj
 .text.HAL_RCCEx_PeriphCLKConfig
                0x08001dd0      0xb48 cmake/stm32cubemx/CMakeFiles/STM32_Drivers.dir/__/__/Drivers/STM32U5xx_HAL_Driver/Src/stm32u5xx_hal_rcc_ex.c.obj
                0x08001dd0                HAL_RCCEx_PeriphCLKConfig
 .text.HAL_RCCEx_GetPLL1ClockFreq
                0x08002918      0x2b4 cmake/stm32cubemx/CMakeFiles/STM32_Drivers.dir/__/__/Drivers/STM32U5xx_HAL_Driver/Src/stm32u5xx_hal_rcc_ex.c.obj
                0x08002918                HAL_RCCEx_GetPLL1ClockFreq
 .text.HAL_RCCEx_GetPLL2ClockFreq
                0x08002bcc      0x2b4 cmake/stm32cubemx/CMakeFiles/STM32_Drivers.dir/__/__/Drivers/STM32U5xx_HAL_Driver/Src/stm32u5xx_hal_rcc_ex.c.obj
                0x08002bcc                HAL_RCCEx_GetPLL2ClockFreq
 .text.HAL_RCCEx_GetPLL3ClockFreq
                0x08002e80      0x2b4 cmake/stm32cubemx/CMakeFiles/STM32_Drivers.dir/__/__/Drivers/STM32U5xx_HAL_Driver/Src/stm32u5xx_hal_rcc_ex.c.obj
                0x08002e80                HAL_RCCEx_GetPLL3ClockFreq
 .text.HAL_RCCEx_GetPeriphCLKFreq
                0x08003134     0x136c cmake/stm32cubemx/CMakeFiles/STM32_Drivers.dir/__/__/Drivers/STM32U5xx_HAL_Driver/Src/stm32u5xx_hal_rcc_ex.c.obj
                0x08003134                HAL_RCCEx_GetPeriphCLKFreq
 .text.RCCEx_PLL2_Config
                0x080044a0      0x130 cmake/stm32cubemx/CMakeFiles/STM32_Drivers.dir/__/__/Drivers/STM32U5xx_HAL_Driver/Src/stm32u5xx_hal_rcc_ex.c.obj
 .text.RCCEx_PLL3_Config
                0x080045d0      0x130 cmake/stm32cubemx/CMakeFiles/STM32_Drivers.dir/__/__/Drivers/STM32U5xx_HAL_Driver/Src/stm32u5xx_hal_rcc_ex.c.obj
 .text.HAL_GPIO_Init
                0x08004700      0x3b0 cmake/stm32cubemx/CMakeFiles/STM32_Drivers.dir/__/__/Drivers/STM32U5xx_HAL_Driver/Src/stm32u5xx_hal_gpio.c.obj
                0x08004700                HAL_GPIO_Init
 .text.HAL_GPIO_ReadPin
                0x08004ab0       0x30 cmake/stm32cubemx/CMakeFiles/STM32_Drivers.dir/__/__/Drivers/STM32U5xx_HAL_Driver/Src/stm32u5xx_hal_gpio.c.obj
                0x08004ab0                HAL_GPIO_ReadPin
 .text.HAL_GPIO_WritePin
                0x08004ae0       0x30 cmake/stm32cubemx/CMakeFiles/STM32_Drivers.dir/__/__/Drivers/STM32U5xx_HAL_Driver/Src/stm32u5xx_hal_gpio.c.obj
                0x08004ae0                HAL_GPIO_WritePin
 .text.HAL_DMA_Abort
                0x08004b10       0xf8 cmake/stm32cubemx/CMakeFiles/STM32_Drivers.dir/__/__/Drivers/STM32U5xx_HAL_Driver/Src/stm32u5xx_hal_dma.c.obj
                0x08004b10                HAL_DMA_Abort
 .text.HAL_DMA_Abort_IT
                0x08004c08       0x52 cmake/stm32cubemx/CMakeFiles/STM32_Drivers.dir/__/__/Drivers/STM32U5xx_HAL_Driver/Src/stm32u5xx_hal_dma.c.obj
                0x08004c08                HAL_DMA_Abort_IT
 *fill*         0x08004c5a        0x2 
 .text.HAL_PWREx_ControlVoltageScaling
                0x08004c5c       0xfc cmake/stm32cubemx/CMakeFiles/STM32_Drivers.dir/__/__/Drivers/STM32U5xx_HAL_Driver/Src/stm32u5xx_hal_pwr_ex.c.obj
                0x08004c5c                HAL_PWREx_ControlVoltageScaling
 .text.HAL_PWREx_GetVoltageRange
                0x08004d58       0x1c cmake/stm32cubemx/CMakeFiles/STM32_Drivers.dir/__/__/Drivers/STM32U5xx_HAL_Driver/Src/stm32u5xx_hal_pwr_ex.c.obj
                0x08004d58                HAL_PWREx_GetVoltageRange
 .text.HAL_PWREx_EnableVddIO2
                0x08004d74       0x20 cmake/stm32cubemx/CMakeFiles/STM32_Drivers.dir/__/__/Drivers/STM32U5xx_HAL_Driver/Src/stm32u5xx_hal_pwr_ex.c.obj
                0x08004d74                HAL_PWREx_EnableVddIO2
 .text.HAL_UART_Init
                0x08004d94       0xa0 cmake/stm32cubemx/CMakeFiles/STM32_Drivers.dir/__/__/Drivers/STM32U5xx_HAL_Driver/Src/stm32u5xx_hal_uart.c.obj
                0x08004d94                HAL_UART_Init
 .text.HAL_UART_Receive_IT
                0x08004e34       0xc4 cmake/stm32cubemx/CMakeFiles/STM32_Drivers.dir/__/__/Drivers/STM32U5xx_HAL_Driver/Src/stm32u5xx_hal_uart.c.obj
                0x08004e34                HAL_UART_Receive_IT
 .text.HAL_UART_IRQHandler
                0x08004ef8      0x5b0 cmake/stm32cubemx/CMakeFiles/STM32_Drivers.dir/__/__/Drivers/STM32U5xx_HAL_Driver/Src/stm32u5xx_hal_uart.c.obj
                0x08004ef8                HAL_UART_IRQHandler
 .text.HAL_UART_TxCpltCallback
                0x080054a8       0x14 cmake/stm32cubemx/CMakeFiles/STM32_Drivers.dir/__/__/Drivers/STM32U5xx_HAL_Driver/Src/stm32u5xx_hal_uart.c.obj
                0x080054a8                HAL_UART_TxCpltCallback
 .text.HAL_UART_RxCpltCallback
                0x080054bc       0x14 cmake/stm32cubemx/CMakeFiles/STM32_Drivers.dir/__/__/Drivers/STM32U5xx_HAL_Driver/Src/stm32u5xx_hal_uart.c.obj
                0x080054bc                HAL_UART_RxCpltCallback
 .text.HAL_UART_ErrorCallback
                0x080054d0       0x14 cmake/stm32cubemx/CMakeFiles/STM32_Drivers.dir/__/__/Drivers/STM32U5xx_HAL_Driver/Src/stm32u5xx_hal_uart.c.obj
                0x080054d0                HAL_UART_ErrorCallback
 .text.HAL_UARTEx_RxEventCallback
                0x080054e4       0x18 cmake/stm32cubemx/CMakeFiles/STM32_Drivers.dir/__/__/Drivers/STM32U5xx_HAL_Driver/Src/stm32u5xx_hal_uart.c.obj
                0x080054e4                HAL_UARTEx_RxEventCallback
 .text.UART_SetConfig
                0x080054fc      0x344 cmake/stm32cubemx/CMakeFiles/STM32_Drivers.dir/__/__/Drivers/STM32U5xx_HAL_Driver/Src/stm32u5xx_hal_uart.c.obj
                0x080054fc                UART_SetConfig
 .text.UART_AdvFeatureConfig
                0x08005840      0x144 cmake/stm32cubemx/CMakeFiles/STM32_Drivers.dir/__/__/Drivers/STM32U5xx_HAL_Driver/Src/stm32u5xx_hal_uart.c.obj
                0x08005840                UART_AdvFeatureConfig
 .text.UART_CheckIdleState
                0x08005984      0x154 cmake/stm32cubemx/CMakeFiles/STM32_Drivers.dir/__/__/Drivers/STM32U5xx_HAL_Driver/Src/stm32u5xx_hal_uart.c.obj
                0x08005984                UART_CheckIdleState
 .text.UART_WaitOnFlagUntilTimeout
                0x08005ad8       0xda cmake/stm32cubemx/CMakeFiles/STM32_Drivers.dir/__/__/Drivers/STM32U5xx_HAL_Driver/Src/stm32u5xx_hal_uart.c.obj
                0x08005ad8                UART_WaitOnFlagUntilTimeout
 *fill*         0x08005bb2        0x2 
 .text.UART_Start_Receive_IT
                0x08005bb4      0x244 cmake/stm32cubemx/CMakeFiles/STM32_Drivers.dir/__/__/Drivers/STM32U5xx_HAL_Driver/Src/stm32u5xx_hal_uart.c.obj
                0x08005bb4                UART_Start_Receive_IT
 .text.UART_EndRxTransfer
                0x08005df8       0xcc cmake/stm32cubemx/CMakeFiles/STM32_Drivers.dir/__/__/Drivers/STM32U5xx_HAL_Driver/Src/stm32u5xx_hal_uart.c.obj
 .text.UART_DMAAbortOnError
                0x08005ec4       0x24 cmake/stm32cubemx/CMakeFiles/STM32_Drivers.dir/__/__/Drivers/STM32U5xx_HAL_Driver/Src/stm32u5xx_hal_uart.c.obj
 .text.UART_EndTransmit_IT
                0x08005ee8       0x56 cmake/stm32cubemx/CMakeFiles/STM32_Drivers.dir/__/__/Drivers/STM32U5xx_HAL_Driver/Src/stm32u5xx_hal_uart.c.obj
 *fill*         0x08005f3e        0x2 
 .text.UART_RxISR_8BIT
                0x08005f40      0x1c4 cmake/stm32cubemx/CMakeFiles/STM32_Drivers.dir/__/__/Drivers/STM32U5xx_HAL_Driver/Src/stm32u5xx_hal_uart.c.obj
 .text.UART_RxISR_16BIT
                0x08006104      0x1c4 cmake/stm32cubemx/CMakeFiles/STM32_Drivers.dir/__/__/Drivers/STM32U5xx_HAL_Driver/Src/stm32u5xx_hal_uart.c.obj
 .text.UART_RxISR_8BIT_FIFOEN
                0x080062c8      0x370 cmake/stm32cubemx/CMakeFiles/STM32_Drivers.dir/__/__/Drivers/STM32U5xx_HAL_Driver/Src/stm32u5xx_hal_uart.c.obj
 .text.UART_RxISR_16BIT_FIFOEN
                0x08006638      0x378 cmake/stm32cubemx/CMakeFiles/STM32_Drivers.dir/__/__/Drivers/STM32U5xx_HAL_Driver/Src/stm32u5xx_hal_uart.c.obj
 .text.HAL_UARTEx_RxFifoFullCallback
                0x080069b0       0x14 cmake/stm32cubemx/CMakeFiles/STM32_Drivers.dir/__/__/Drivers/STM32U5xx_HAL_Driver/Src/stm32u5xx_hal_uart_ex.c.obj
                0x080069b0                HAL_UARTEx_RxFifoFullCallback
 .text.HAL_UARTEx_TxFifoEmptyCallback
                0x080069c4       0x14 cmake/stm32cubemx/CMakeFiles/STM32_Drivers.dir/__/__/Drivers/STM32U5xx_HAL_Driver/Src/stm32u5xx_hal_uart_ex.c.obj
                0x080069c4                HAL_UARTEx_TxFifoEmptyCallback
 .text.HAL_UARTEx_DisableFifoMode
                0x080069d8       0x72 cmake/stm32cubemx/CMakeFiles/STM32_Drivers.dir/__/__/Drivers/STM32U5xx_HAL_Driver/Src/stm32u5xx_hal_uart_ex.c.obj
                0x080069d8                HAL_UARTEx_DisableFifoMode
 .text.HAL_UARTEx_SetTxFifoThreshold
                0x08006a4a       0x7c cmake/stm32cubemx/CMakeFiles/STM32_Drivers.dir/__/__/Drivers/STM32U5xx_HAL_Driver/Src/stm32u5xx_hal_uart_ex.c.obj
                0x08006a4a                HAL_UARTEx_SetTxFifoThreshold
 .text.HAL_UARTEx_SetRxFifoThreshold
                0x08006ac6       0x7c cmake/stm32cubemx/CMakeFiles/STM32_Drivers.dir/__/__/Drivers/STM32U5xx_HAL_Driver/Src/stm32u5xx_hal_uart_ex.c.obj
                0x08006ac6                HAL_UARTEx_SetRxFifoThreshold
 *fill*         0x08006b42        0x2 
 .text.UARTEx_SetNbDataToProcess
                0x08006b44       0x9c cmake/stm32cubemx/CMakeFiles/STM32_Drivers.dir/__/__/Drivers/STM32U5xx_HAL_Driver/Src/stm32u5xx_hal_uart_ex.c.obj
 .text.main     0x08006be0       0x80 CMakeFiles/test_08-04-2025_button.dir/Core/Src/main.c.obj
                0x08006be0                main
 .text.SystemClock_Config
                0x08006c60       0xb4 CMakeFiles/test_08-04-2025_button.dir/Core/Src/main.c.obj
                0x08006c60                SystemClock_Config
 .text.MX_USART2_UART_Init
                0x08006d14       0x98 CMakeFiles/test_08-04-2025_button.dir/Core/Src/main.c.obj
 .text.MX_GPIO_Init
                0x08006dac      0x160 CMakeFiles/test_08-04-2025_button.dir/Core/Src/main.c.obj
 .text.Error_Handler
                0x08006f0c        0xc CMakeFiles/test_08-04-2025_button.dir/Core/Src/main.c.obj
                0x08006f0c                Error_Handler
 .text.NMI_Handler
                0x08006f18        0x8 CMakeFiles/test_08-04-2025_button.dir/Core/Src/stm32u5xx_it.c.obj
                0x08006f18                NMI_Handler
 .text.HardFault_Handler
                0x08006f20        0x8 CMakeFiles/test_08-04-2025_button.dir/Core/Src/stm32u5xx_it.c.obj
                0x08006f20                HardFault_Handler
 .text.MemManage_Handler
                0x08006f28        0x8 CMakeFiles/test_08-04-2025_button.dir/Core/Src/stm32u5xx_it.c.obj
                0x08006f28                MemManage_Handler
 .text.BusFault_Handler
                0x08006f30        0x8 CMakeFiles/test_08-04-2025_button.dir/Core/Src/stm32u5xx_it.c.obj
                0x08006f30                BusFault_Handler
 .text.UsageFault_Handler
                0x08006f38        0x8 CMakeFiles/test_08-04-2025_button.dir/Core/Src/stm32u5xx_it.c.obj
                0x08006f38                UsageFault_Handler
 .text.SVC_Handler
                0x08006f40        0xe CMakeFiles/test_08-04-2025_button.dir/Core/Src/stm32u5xx_it.c.obj
                0x08006f40                SVC_Handler
 .text.DebugMon_Handler
                0x08006f4e        0xe CMakeFiles/test_08-04-2025_button.dir/Core/Src/stm32u5xx_it.c.obj
                0x08006f4e                DebugMon_Handler
 .text.PendSV_Handler
                0x08006f5c        0xe CMakeFiles/test_08-04-2025_button.dir/Core/Src/stm32u5xx_it.c.obj
                0x08006f5c                PendSV_Handler
 .text.SysTick_Handler
                0x08006f6a        0xc CMakeFiles/test_08-04-2025_button.dir/Core/Src/stm32u5xx_it.c.obj
                0x08006f6a                SysTick_Handler
 *fill*         0x08006f76        0x2 
 .text.USART2_IRQHandler
                0x08006f78       0x14 CMakeFiles/test_08-04-2025_button.dir/Core/Src/stm32u5xx_it.c.obj
                0x08006f78                USART2_IRQHandler
 .text.HAL_MspInit
                0x08006f8c       0x34 CMakeFiles/test_08-04-2025_button.dir/Core/Src/stm32u5xx_hal_msp.c.obj
                0x08006f8c                HAL_MspInit
 .text.HAL_UART_MspInit
                0x08006fc0       0xe0 CMakeFiles/test_08-04-2025_button.dir/Core/Src/stm32u5xx_hal_msp.c.obj
                0x08006fc0                HAL_UART_MspInit
 .text.Reset_Handler
                0x080070a0       0x50 CMakeFiles/test_08-04-2025_button.dir/startup_stm32u575xx.s.obj
                0x080070a0                Reset_Handler
 .text.Default_Handler
                0x080070f0        0x2 CMakeFiles/test_08-04-2025_button.dir/startup_stm32u575xx.s.obj
                0x080070f0                EXTI2_IRQHandler
                0x080070f0                TIM8_TRG_COM_IRQHandler
                0x080070f0                TIM8_CC_IRQHandler
                0x080070f0                EXTI5_IRQHandler
                0x080070f0                FLASH_S_IRQHandler
                0x080070f0                EXTI13_IRQHandler
                0x080070f0                TIM1_CC_IRQHandler
                0x080070f0                TSC_IRQHandler
                0x080070f0                TAMP_IRQHandler
                0x080070f0                TIM6_IRQHandler
                0x080070f0                EXTI12_IRQHandler
                0x080070f0                CORDIC_IRQHandler
                0x080070f0                EXTI3_IRQHandler
                0x080070f0                LPTIM4_IRQHandler
                0x080070f0                GPDMA1_Channel5_IRQHandler
                0x080070f0                EXTI8_IRQHandler
                0x080070f0                LPTIM2_IRQHandler
                0x080070f0                I2C3_ER_IRQHandler
                0x080070f0                PWR_S3WU_IRQHandler
                0x080070f0                MDF1_FLT2_IRQHandler
                0x080070f0                LPDMA1_Channel3_IRQHandler
                0x080070f0                LPTIM3_IRQHandler
                0x080070f0                EXTI0_IRQHandler
                0x080070f0                I2C2_EV_IRQHandler
                0x080070f0                FPU_IRQHandler
                0x080070f0                GPDMA1_Channel3_IRQHandler
                0x080070f0                GPDMA1_Channel7_IRQHandler
                0x080070f0                MDF1_FLT4_IRQHandler
                0x080070f0                FDCAN1_IT1_IRQHandler
                0x080070f0                RAMCFG_IRQHandler
                0x080070f0                GPDMA1_Channel9_IRQHandler
                0x080070f0                DCACHE1_IRQHandler
                0x080070f0                SPI1_IRQHandler
                0x080070f0                OCTOSPI1_IRQHandler
                0x080070f0                GPDMA1_Channel2_IRQHandler
                0x080070f0                TIM8_UP_IRQHandler
                0x080070f0                RCC_S_IRQHandler
                0x080070f0                OCTOSPI2_IRQHandler
                0x080070f0                SAI2_IRQHandler
                0x080070f0                MDF1_FLT1_IRQHandler
                0x080070f0                ADC1_IRQHandler
                0x080070f0                MDF1_FLT5_IRQHandler
                0x080070f0                EXTI15_IRQHandler
                0x080070f0                TIM17_IRQHandler
                0x080070f0                USART3_IRQHandler
                0x080070f0                RTC_IRQHandler
                0x080070f0                EXTI9_IRQHandler
                0x080070f0                UART5_IRQHandler
                0x080070f0                TIM4_IRQHandler
                0x080070f0                I2C1_EV_IRQHandler
                0x080070f0                GPDMA1_Channel12_IRQHandler
                0x080070f0                GPDMA1_Channel1_IRQHandler
                0x080070f0                TIM16_IRQHandler
                0x080070f0                GPDMA1_Channel15_IRQHandler
                0x080070f0                UART4_IRQHandler
                0x080070f0                SecureFault_Handler
                0x080070f0                TIM3_IRQHandler
                0x080070f0                RCC_IRQHandler
                0x080070f0                TIM1_TRG_COM_IRQHandler
                0x080070f0                Default_Handler
                0x080070f0                GPDMA1_Channel8_IRQHandler
                0x080070f0                FMAC_IRQHandler
                0x080070f0                GPDMA1_Channel11_IRQHandler
                0x080070f0                TIM7_IRQHandler
                0x080070f0                SDMMC1_IRQHandler
                0x080070f0                TIM5_IRQHandler
                0x080070f0                UCPD1_IRQHandler
                0x080070f0                GPDMA1_Channel0_IRQHandler
                0x080070f0                TIM15_IRQHandler
                0x080070f0                I2C3_EV_IRQHandler
                0x080070f0                LPDMA1_Channel0_IRQHandler
                0x080070f0                PVD_PVM_IRQHandler
                0x080070f0                SPI2_IRQHandler
                0x080070f0                LPDMA1_Channel1_IRQHandler
                0x080070f0                EXTI14_IRQHandler
                0x080070f0                EXTI11_IRQHandler
                0x080070f0                CRS_IRQHandler
                0x080070f0                GPDMA1_Channel14_IRQHandler
                0x080070f0                LSECSSD_IRQHandler
                0x080070f0                EXTI4_IRQHandler
                0x080070f0                RTC_S_IRQHandler
                0x080070f0                GPDMA1_Channel13_IRQHandler
                0x080070f0                RNG_IRQHandler
                0x080070f0                COMP_IRQHandler
                0x080070f0                TIM1_UP_IRQHandler
                0x080070f0                ADC4_IRQHandler
                0x080070f0                WWDG_IRQHandler
                0x080070f0                I2C4_EV_IRQHandler
                0x080070f0                ADF1_IRQHandler
                0x080070f0                IWDG_IRQHandler
                0x080070f0                LPUART1_IRQHandler
                0x080070f0                MDF1_FLT0_IRQHandler
                0x080070f0                FDCAN1_IT0_IRQHandler
                0x080070f0                TIM2_IRQHandler
                0x080070f0                GPDMA1_Channel4_IRQHandler
                0x080070f0                EXTI7_IRQHandler
                0x080070f0                DMA2D_IRQHandler
                0x080070f0                TIM1_BRK_IRQHandler
                0x080070f0                EXTI1_IRQHandler
                0x080070f0                SDMMC2_IRQHandler
                0x080070f0                DAC1_IRQHandler
                0x080070f0                GTZC_IRQHandler
                0x080070f0                MDF1_FLT3_IRQHandler
                0x080070f0                GPDMA1_Channel6_IRQHandler
                0x080070f0                I2C2_ER_IRQHandler
                0x080070f0                TIM8_BRK_IRQHandler
                0x080070f0                FLASH_IRQHandler
                0x080070f0                USART1_IRQHandler
                0x080070f0                EXTI10_IRQHandler
                0x080070f0                OTG_FS_IRQHandler
                0x080070f0                SPI3_IRQHandler
                0x080070f0                LPDMA1_Channel2_IRQHandler
                0x080070f0                I2C1_ER_IRQHandler
                0x080070f0                FMC_IRQHandler
                0x080070f0                EXTI6_IRQHandler
                0x080070f0                LPTIM1_IRQHandler
                0x080070f0                DCMI_PSSI_IRQHandler
                0x080070f0                I2C4_ER_IRQHandler
                0x080070f0                GPDMA1_Channel10_IRQHandler
                0x080070f0                ICACHE_IRQHandler
                0x080070f0                SAI1_IRQHandler
                0x080070f0                HASH_IRQHandler
 *fill*         0x080070f2        0x2 
 .text.__udivmoddi4
                0x080070f4      0x300 /usr/share/gcc-arm-none-eabi-13.2.rel1/bin/../lib/gcc/arm-none-eabi/13.2.1/thumb/v8-m.main+fp/hard/libgcc.a(_udivmoddi4.o)
                0x080070f4                __udivmoddi4
 *(.glue_7)
 .glue_7        0x080073f4        0x0 linker stubs
 *(.glue_7t)
 .glue_7t       0x080073f4        0x0 linker stubs
 *(.eh_frame)
 .eh_frame      0x080073f4        0x0 /usr/share/gcc-arm-none-eabi-13.2.rel1/bin/../lib/gcc/arm-none-eabi/13.2.1/thumb/v8-m.main+fp/hard/crtbegin.o
 *(.init)
 .init          0x080073f4        0x4 /usr/share/gcc-arm-none-eabi-13.2.rel1/bin/../lib/gcc/arm-none-eabi/13.2.1/thumb/v8-m.main+fp/hard/crti.o
                0x080073f4                _init
 .init          0x080073f8        0x8 /usr/share/gcc-arm-none-eabi-13.2.rel1/bin/../lib/gcc/arm-none-eabi/13.2.1/thumb/v8-m.main+fp/hard/crtn.o
 *(.fini)
 .fini          0x08007400        0x4 /usr/share/gcc-arm-none-eabi-13.2.rel1/bin/../lib/gcc/arm-none-eabi/13.2.1/thumb/v8-m.main+fp/hard/crti.o
                0x08007400                _fini
 .fini          0x08007404        0x8 /usr/share/gcc-arm-none-eabi-13.2.rel1/bin/../lib/gcc/arm-none-eabi/13.2.1/thumb/v8-m.main+fp/hard/crtn.o
                0x08007410                        . = ALIGN (0x8)
 *fill*         0x0800740c        0x4 
                0x08007410                        _etext = .

.vfp11_veneer   0x08007410        0x0
 .vfp11_veneer  0x08007410        0x0 linker stubs

.v4_bx          0x08007410        0x0
 .v4_bx         0x08007410        0x0 linker stubs

.iplt           0x08007410        0x0
 .iplt          0x08007410        0x0 /usr/share/gcc-arm-none-eabi-13.2.rel1/bin/../lib/gcc/arm-none-eabi/13.2.1/thumb/v8-m.main+fp/hard/crtbegin.o

.rodata         0x08007410      0x100
                0x08007410                        . = ALIGN (0x8)
 *(.rodata)
 *(.rodata*)
 .rodata.AHBPrescTable
                0x08007410       0x10 cmake/stm32cubemx/CMakeFiles/STM32_Drivers.dir/__/__/Core/Src/system_stm32u5xx.c.obj
                0x08007410                AHBPrescTable
 .rodata.APBPrescTable
                0x08007420        0x8 cmake/stm32cubemx/CMakeFiles/STM32_Drivers.dir/__/__/Core/Src/system_stm32u5xx.c.obj
                0x08007420                APBPrescTable
 .rodata.MSIRangeTable
                0x08007428       0x40 cmake/stm32cubemx/CMakeFiles/STM32_Drivers.dir/__/__/Core/Src/system_stm32u5xx.c.obj
                0x08007428                MSIRangeTable
 .rodata.LPGPIO_Map
                0x08007468       0x80 cmake/stm32cubemx/CMakeFiles/STM32_Drivers.dir/__/__/Drivers/STM32U5xx_HAL_Driver/Src/stm32u5xx_hal_gpio.c.obj
 .rodata.UARTPrescTable
                0x080074e8       0x18 cmake/stm32cubemx/CMakeFiles/STM32_Drivers.dir/__/__/Drivers/STM32U5xx_HAL_Driver/Src/stm32u5xx_hal_uart.c.obj
                0x080074e8                UARTPrescTable
 .rodata.numerator.1
                0x08007500        0x8 cmake/stm32cubemx/CMakeFiles/STM32_Drivers.dir/__/__/Drivers/STM32U5xx_HAL_Driver/Src/stm32u5xx_hal_uart_ex.c.obj
 .rodata.denominator.0
                0x08007508        0x8 cmake/stm32cubemx/CMakeFiles/STM32_Drivers.dir/__/__/Drivers/STM32U5xx_HAL_Driver/Src/stm32u5xx_hal_uart_ex.c.obj
                0x08007510                        . = ALIGN (0x8)

.ARM.extab      0x08007510        0x0
                0x08007510                        . = ALIGN (0x8)
 *(.ARM.extab* .gnu.linkonce.armextab.*)
                0x08007510                        . = ALIGN (0x8)

.ARM            0x08007510        0x8
                0x08007510                        . = ALIGN (0x8)
                0x08007510                        __exidx_start = .
 *(.ARM.exidx*)
 .ARM.exidx.text.__udivmoddi4
                0x08007510        0x8 /usr/share/gcc-arm-none-eabi-13.2.rel1/bin/../lib/gcc/arm-none-eabi/13.2.1/thumb/v8-m.main+fp/hard/libgcc.a(_udivmoddi4.o)
                0x08007518                        __exidx_end = .
                0x08007518                        . = ALIGN (0x8)

.preinit_array  0x08007518        0x0
                0x08007518                        . = ALIGN (0x8)
                0x08007518                        PROVIDE (__preinit_array_start = .)
 *(.preinit_array*)
                0x08007518                        PROVIDE (__preinit_array_end = .)
                0x08007518                        . = ALIGN (0x8)

.init_array     0x08007518        0x8
                0x08007518                        . = ALIGN (0x8)
                0x08007518                        PROVIDE (__init_array_start = .)
 *(SORT_BY_NAME(.init_array.*))
 *(.init_array*)
 .init_array    0x08007518        0x4 /usr/share/gcc-arm-none-eabi-13.2.rel1/bin/../lib/gcc/arm-none-eabi/13.2.1/thumb/v8-m.main+fp/hard/crtbegin.o
                0x0800751c                        PROVIDE (__init_array_end = .)
                0x08007520                        . = ALIGN (0x8)
 *fill*         0x0800751c        0x4 

.fini_array     0x08007520        0x8
                0x08007520                        . = ALIGN (0x8)
                [!provide]                        PROVIDE (__fini_array_start = .)
 *(SORT_BY_NAME(.fini_array.*))
 *(.fini_array*)
 .fini_array    0x08007520        0x4 /usr/share/gcc-arm-none-eabi-13.2.rel1/bin/../lib/gcc/arm-none-eabi/13.2.1/thumb/v8-m.main+fp/hard/crtbegin.o
                [!provide]                        PROVIDE (__fini_array_end = .)
                0x08007528                        . = ALIGN (0x8)
 *fill*         0x08007524        0x4 
                0x08007528                        _sidata = LOADADDR (.data)

.rel.dyn        0x08007528        0x0
 .rel.iplt      0x08007528        0x0 /usr/share/gcc-arm-none-eabi-13.2.rel1/bin/../lib/gcc/arm-none-eabi/13.2.1/thumb/v8-m.main+fp/hard/crtbegin.o

.data           0x20000000       0x10 load address 0x08007528
                0x20000000                        . = ALIGN (0x8)
                0x20000000                        _sdata = .
 *(.data)
 *(.data*)
 .data.SystemCoreClock
                0x20000000        0x4 cmake/stm32cubemx/CMakeFiles/STM32_Drivers.dir/__/__/Core/Src/system_stm32u5xx.c.obj
                0x20000000                SystemCoreClock
 .data.uwTickPrio
                0x20000004        0x4 cmake/stm32cubemx/CMakeFiles/STM32_Drivers.dir/__/__/Drivers/STM32U5xx_HAL_Driver/Src/stm32u5xx_hal.c.obj
                0x20000004                uwTickPrio
 .data.uwTickFreq
                0x20000008        0x1 cmake/stm32cubemx/CMakeFiles/STM32_Drivers.dir/__/__/Drivers/STM32U5xx_HAL_Driver/Src/stm32u5xx_hal.c.obj
                0x20000008                uwTickFreq
                0x20000010                        . = ALIGN (0x8)
 *fill*         0x20000009        0x7 
                0x20000010                        _edata = .

.tm_clone_table
                0x20000010        0x0 load address 0x08007538
 .tm_clone_table
                0x20000010        0x0 /usr/share/gcc-arm-none-eabi-13.2.rel1/bin/../lib/gcc/arm-none-eabi/13.2.1/thumb/v8-m.main+fp/hard/crtbegin.o
 .tm_clone_table
                0x20000010        0x0 /usr/share/gcc-arm-none-eabi-13.2.rel1/bin/../lib/gcc/arm-none-eabi/13.2.1/thumb/v8-m.main+fp/hard/crtend.o

.igot.plt       0x20000010        0x0 load address 0x08007538
 .igot.plt      0x20000010        0x0 /usr/share/gcc-arm-none-eabi-13.2.rel1/bin/../lib/gcc/arm-none-eabi/13.2.1/thumb/v8-m.main+fp/hard/crtbegin.o
                0x20000010                        . = ALIGN (0x8)

.bss            0x20000010       0xb8 load address 0x08007538
                0x20000010                        _sbss = .
                0x20000010                        __bss_start__ = _sbss
 *(.bss)
 *(.bss*)
 .bss.completed.1
                0x20000010        0x1 /usr/share/gcc-arm-none-eabi-13.2.rel1/bin/../lib/gcc/arm-none-eabi/13.2.1/thumb/v8-m.main+fp/hard/crtbegin.o
 *fill*         0x20000011        0x3 
 .bss.object.0  0x20000014       0x18 /usr/share/gcc-arm-none-eabi-13.2.rel1/bin/../lib/gcc/arm-none-eabi/13.2.1/thumb/v8-m.main+fp/hard/crtbegin.o
 .bss.uwTick    0x2000002c        0x4 cmake/stm32cubemx/CMakeFiles/STM32_Drivers.dir/__/__/Drivers/STM32U5xx_HAL_Driver/Src/stm32u5xx_hal.c.obj
                0x2000002c                uwTick
 .bss.huart2    0x20000030       0x94 CMakeFiles/test_08-04-2025_button.dir/Core/Src/main.c.obj
                0x20000030                huart2
 .bss.rx_data   0x200000c4        0x2 CMakeFiles/test_08-04-2025_button.dir/Core/Src/main.c.obj
                0x200000c4                rx_data
 *(COMMON)
                0x200000c8                        . = ALIGN (0x8)
 *fill*         0x200000c6        0x2 
                0x200000c8                        _ebss = .
                0x200000c8                        __bss_end__ = _ebss

._user_heap_stack
                0x200000c8      0x600 load address 0x08007538
                0x200000c8                        . = ALIGN (0x8)
                [!provide]                        PROVIDE (end = .)
                0x200000c8                        PROVIDE (_end = .)
                0x200002c8                        . = (. + _Min_Heap_Size)
 *fill*         0x200000c8      0x200 
                0x200006c8                        . = (. + _Min_Stack_Size)
 *fill*         0x200002c8      0x400 
                0x200006c8                        . = ALIGN (0x8)

/DISCARD/
 libc.a(*)
 libm.a(*)
 libgcc.a(*)

.ARM.attributes
                0x00000000       0x36
 *(.ARM.attributes)
 .ARM.attributes
                0x00000000       0x26 /usr/share/gcc-arm-none-eabi-13.2.rel1/bin/../lib/gcc/arm-none-eabi/13.2.1/thumb/v8-m.main+fp/hard/crti.o
 .ARM.attributes
                0x00000026       0x38 /usr/share/gcc-arm-none-eabi-13.2.rel1/bin/../lib/gcc/arm-none-eabi/13.2.1/thumb/v8-m.main+fp/hard/crtbegin.o
 .ARM.attributes
                0x0000005e       0x38 /usr/share/gcc-arm-none-eabi-13.2.rel1/bin/../lib/gcc/arm-none-eabi/13.2.1/../../../../arm-none-eabi/lib/thumb/v8-m.main+fp/hard/libc_nano.a(libc_a-init.o)
 .ARM.attributes
                0x00000096       0x38 /usr/share/gcc-arm-none-eabi-13.2.rel1/bin/../lib/gcc/arm-none-eabi/13.2.1/../../../../arm-none-eabi/lib/thumb/v8-m.main+fp/hard/libc_nano.a(libc_a-memset.o)
 .ARM.attributes
                0x000000ce       0x3a cmake/stm32cubemx/CMakeFiles/STM32_Drivers.dir/__/__/Core/Src/system_stm32u5xx.c.obj
 .ARM.attributes
                0x00000108       0x3a cmake/stm32cubemx/CMakeFiles/STM32_Drivers.dir/__/__/Drivers/STM32U5xx_HAL_Driver/Src/stm32u5xx_hal_cortex.c.obj
 .ARM.attributes
                0x00000142       0x3a cmake/stm32cubemx/CMakeFiles/STM32_Drivers.dir/__/__/Drivers/STM32U5xx_HAL_Driver/Src/stm32u5xx_hal.c.obj
 .ARM.attributes
                0x0000017c       0x3a cmake/stm32cubemx/CMakeFiles/STM32_Drivers.dir/__/__/Drivers/STM32U5xx_HAL_Driver/Src/stm32u5xx_hal_rcc.c.obj
 .ARM.attributes
                0x000001b6       0x3a cmake/stm32cubemx/CMakeFiles/STM32_Drivers.dir/__/__/Drivers/STM32U5xx_HAL_Driver/Src/stm32u5xx_hal_rcc_ex.c.obj
 .ARM.attributes
                0x000001f0       0x3a cmake/stm32cubemx/CMakeFiles/STM32_Drivers.dir/__/__/Drivers/STM32U5xx_HAL_Driver/Src/stm32u5xx_hal_gpio.c.obj
 .ARM.attributes
                0x0000022a       0x3a cmake/stm32cubemx/CMakeFiles/STM32_Drivers.dir/__/__/Drivers/STM32U5xx_HAL_Driver/Src/stm32u5xx_hal_dma.c.obj
 .ARM.attributes
                0x00000264       0x3a cmake/stm32cubemx/CMakeFiles/STM32_Drivers.dir/__/__/Drivers/STM32U5xx_HAL_Driver/Src/stm32u5xx_hal_pwr_ex.c.obj
 .ARM.attributes
                0x0000029e       0x3a cmake/stm32cubemx/CMakeFiles/STM32_Drivers.dir/__/__/Drivers/STM32U5xx_HAL_Driver/Src/stm32u5xx_hal_uart.c.obj
 .ARM.attributes
                0x000002d8       0x3a cmake/stm32cubemx/CMakeFiles/STM32_Drivers.dir/__/__/Drivers/STM32U5xx_HAL_Driver/Src/stm32u5xx_hal_uart_ex.c.obj
 .ARM.attributes
                0x00000312       0x3a CMakeFiles/test_08-04-2025_button.dir/Core/Src/main.c.obj
 .ARM.attributes
                0x0000034c       0x3a CMakeFiles/test_08-04-2025_button.dir/Core/Src/stm32u5xx_it.c.obj
 .ARM.attributes
                0x00000386       0x3a CMakeFiles/test_08-04-2025_button.dir/Core/Src/stm32u5xx_hal_msp.c.obj
 .ARM.attributes
                0x000003c0       0x24 CMakeFiles/test_08-04-2025_button.dir/startup_stm32u575xx.s.obj
 .ARM.attributes
                0x000003e4       0x26 /usr/share/gcc-arm-none-eabi-13.2.rel1/bin/../lib/gcc/arm-none-eabi/13.2.1/thumb/v8-m.main+fp/hard/libgcc.a(_aeabi_uldivmod.o)
 .ARM.attributes
                0x0000040a       0x38 /usr/share/gcc-arm-none-eabi-13.2.rel1/bin/../lib/gcc/arm-none-eabi/13.2.1/thumb/v8-m.main+fp/hard/libgcc.a(_udivmoddi4.o)
 .ARM.attributes
                0x00000442       0x26 /usr/share/gcc-arm-none-eabi-13.2.rel1/bin/../lib/gcc/arm-none-eabi/13.2.1/thumb/v8-m.main+fp/hard/libgcc.a(_dvmd_tls.o)
 .ARM.attributes
                0x00000468       0x38 /usr/share/gcc-arm-none-eabi-13.2.rel1/bin/../lib/gcc/arm-none-eabi/13.2.1/thumb/v8-m.main+fp/hard/crtend.o
 .ARM.attributes
                0x000004a0       0x26 /usr/share/gcc-arm-none-eabi-13.2.rel1/bin/../lib/gcc/arm-none-eabi/13.2.1/thumb/v8-m.main+fp/hard/crtn.o
OUTPUT(test_08-04-2025_button.elf elf32-littlearm)
LOAD linker stubs
LOAD /usr/share/gcc-arm-none-eabi-13.2.rel1/bin/../lib/gcc/arm-none-eabi/13.2.1/../../../../arm-none-eabi/lib/thumb/v8-m.main+fp/hard/libc.a
LOAD /usr/share/gcc-arm-none-eabi-13.2.rel1/bin/../lib/gcc/arm-none-eabi/13.2.1/../../../../arm-none-eabi/lib/thumb/v8-m.main+fp/hard/libm.a
LOAD /usr/share/gcc-arm-none-eabi-13.2.rel1/bin/../lib/gcc/arm-none-eabi/13.2.1/thumb/v8-m.main+fp/hard/libgcc.a

.debug_frame    0x00000000     0x309c
 .debug_frame   0x00000000       0x2c /usr/share/gcc-arm-none-eabi-13.2.rel1/bin/../lib/gcc/arm-none-eabi/13.2.1/../../../../arm-none-eabi/lib/thumb/v8-m.main+fp/hard/libc_nano.a(libc_a-init.o)
 .debug_frame   0x0000002c       0x20 /usr/share/gcc-arm-none-eabi-13.2.rel1/bin/../lib/gcc/arm-none-eabi/13.2.1/../../../../arm-none-eabi/lib/thumb/v8-m.main+fp/hard/libc_nano.a(libc_a-memset.o)
 .debug_frame   0x0000004c       0x58 cmake/stm32cubemx/CMakeFiles/STM32_Drivers.dir/__/__/Core/Src/system_stm32u5xx.c.obj
 .debug_frame   0x000000a4      0x560 cmake/stm32cubemx/CMakeFiles/STM32_Drivers.dir/__/__/Drivers/STM32U5xx_HAL_Driver/Src/stm32u5xx_hal_cortex.c.obj
 .debug_frame   0x00000604      0x500 cmake/stm32cubemx/CMakeFiles/STM32_Drivers.dir/__/__/Drivers/STM32U5xx_HAL_Driver/Src/stm32u5xx_hal.c.obj
 .debug_frame   0x00000b04      0x288 cmake/stm32cubemx/CMakeFiles/STM32_Drivers.dir/__/__/Drivers/STM32U5xx_HAL_Driver/Src/stm32u5xx_hal_rcc.c.obj
 .debug_frame   0x00000d8c      0x5f0 cmake/stm32cubemx/CMakeFiles/STM32_Drivers.dir/__/__/Drivers/STM32U5xx_HAL_Driver/Src/stm32u5xx_hal_rcc_ex.c.obj
 .debug_frame   0x0000137c      0x1ec cmake/stm32cubemx/CMakeFiles/STM32_Drivers.dir/__/__/Drivers/STM32U5xx_HAL_Driver/Src/stm32u5xx_hal_gpio.c.obj
 .debug_frame   0x00001568      0x2a0 cmake/stm32cubemx/CMakeFiles/STM32_Drivers.dir/__/__/Drivers/STM32U5xx_HAL_Driver/Src/stm32u5xx_hal_dma.c.obj
 .debug_frame   0x00001808      0x84c cmake/stm32cubemx/CMakeFiles/STM32_Drivers.dir/__/__/Drivers/STM32U5xx_HAL_Driver/Src/stm32u5xx_hal_pwr_ex.c.obj
 .debug_frame   0x00002054      0xa84 cmake/stm32cubemx/CMakeFiles/STM32_Drivers.dir/__/__/Drivers/STM32U5xx_HAL_Driver/Src/stm32u5xx_hal_uart.c.obj
 .debug_frame   0x00002ad8      0x314 cmake/stm32cubemx/CMakeFiles/STM32_Drivers.dir/__/__/Drivers/STM32U5xx_HAL_Driver/Src/stm32u5xx_hal_uart_ex.c.obj
 .debug_frame   0x00002dec       0xac CMakeFiles/test_08-04-2025_button.dir/Core/Src/main.c.obj
 .debug_frame   0x00002e98      0x120 CMakeFiles/test_08-04-2025_button.dir/Core/Src/stm32u5xx_it.c.obj
 .debug_frame   0x00002fb8       0x80 CMakeFiles/test_08-04-2025_button.dir/Core/Src/stm32u5xx_hal_msp.c.obj
 .debug_frame   0x00003038       0x2c /usr/share/gcc-arm-none-eabi-13.2.rel1/bin/../lib/gcc/arm-none-eabi/13.2.1/thumb/v8-m.main+fp/hard/libgcc.a(_aeabi_uldivmod.o)
 .debug_frame   0x00003064       0x38 /usr/share/gcc-arm-none-eabi-13.2.rel1/bin/../lib/gcc/arm-none-eabi/13.2.1/thumb/v8-m.main+fp/hard/libgcc.a(_udivmoddi4.o)

.debug_info     0x00000000     0xfe83
 .debug_info    0x00000000      0x929 cmake/stm32cubemx/CMakeFiles/STM32_Drivers.dir/__/__/Core/Src/system_stm32u5xx.c.obj
 .debug_info    0x00000929     0x163a cmake/stm32cubemx/CMakeFiles/STM32_Drivers.dir/__/__/Drivers/STM32U5xx_HAL_Driver/Src/stm32u5xx_hal_cortex.c.obj
 .debug_info    0x00001f63     0x11dd cmake/stm32cubemx/CMakeFiles/STM32_Drivers.dir/__/__/Drivers/STM32U5xx_HAL_Driver/Src/stm32u5xx_hal.c.obj
 .debug_info    0x00003140     0x11f0 cmake/stm32cubemx/CMakeFiles/STM32_Drivers.dir/__/__/Drivers/STM32U5xx_HAL_Driver/Src/stm32u5xx_hal_rcc.c.obj
 .debug_info    0x00004330     0x157f cmake/stm32cubemx/CMakeFiles/STM32_Drivers.dir/__/__/Drivers/STM32U5xx_HAL_Driver/Src/stm32u5xx_hal_rcc_ex.c.obj
 .debug_info    0x000058af      0x859 cmake/stm32cubemx/CMakeFiles/STM32_Drivers.dir/__/__/Drivers/STM32U5xx_HAL_Driver/Src/stm32u5xx_hal_gpio.c.obj
 .debug_info    0x00006108      0xadc cmake/stm32cubemx/CMakeFiles/STM32_Drivers.dir/__/__/Drivers/STM32U5xx_HAL_Driver/Src/stm32u5xx_hal_dma.c.obj
 .debug_info    0x00006be4      0xe3e cmake/stm32cubemx/CMakeFiles/STM32_Drivers.dir/__/__/Drivers/STM32U5xx_HAL_Driver/Src/stm32u5xx_hal_pwr_ex.c.obj
 .debug_info    0x00007a22     0x4029 cmake/stm32cubemx/CMakeFiles/STM32_Drivers.dir/__/__/Drivers/STM32U5xx_HAL_Driver/Src/stm32u5xx_hal_uart.c.obj
 .debug_info    0x0000ba4b     0x11f0 cmake/stm32cubemx/CMakeFiles/STM32_Drivers.dir/__/__/Drivers/STM32U5xx_HAL_Driver/Src/stm32u5xx_hal_uart_ex.c.obj
 .debug_info    0x0000cc3b     0x138d CMakeFiles/test_08-04-2025_button.dir/Core/Src/main.c.obj
 .debug_info    0x0000dfc8      0x967 CMakeFiles/test_08-04-2025_button.dir/Core/Src/stm32u5xx_it.c.obj
 .debug_info    0x0000e92f     0x1524 CMakeFiles/test_08-04-2025_button.dir/Core/Src/stm32u5xx_hal_msp.c.obj
 .debug_info    0x0000fe53       0x30 CMakeFiles/test_08-04-2025_button.dir/startup_stm32u575xx.s.obj

.debug_abbrev   0x00000000     0x1e5e
 .debug_abbrev  0x00000000      0x129 cmake/stm32cubemx/CMakeFiles/STM32_Drivers.dir/__/__/Core/Src/system_stm32u5xx.c.obj
 .debug_abbrev  0x00000129      0x311 cmake/stm32cubemx/CMakeFiles/STM32_Drivers.dir/__/__/Drivers/STM32U5xx_HAL_Driver/Src/stm32u5xx_hal_cortex.c.obj
 .debug_abbrev  0x0000043a      0x2a5 cmake/stm32cubemx/CMakeFiles/STM32_Drivers.dir/__/__/Drivers/STM32U5xx_HAL_Driver/Src/stm32u5xx_hal.c.obj
 .debug_abbrev  0x000006df      0x2cb cmake/stm32cubemx/CMakeFiles/STM32_Drivers.dir/__/__/Drivers/STM32U5xx_HAL_Driver/Src/stm32u5xx_hal_rcc.c.obj
 .debug_abbrev  0x000009aa      0x23d cmake/stm32cubemx/CMakeFiles/STM32_Drivers.dir/__/__/Drivers/STM32U5xx_HAL_Driver/Src/stm32u5xx_hal_rcc_ex.c.obj
 .debug_abbrev  0x00000be7      0x25a cmake/stm32cubemx/CMakeFiles/STM32_Drivers.dir/__/__/Drivers/STM32U5xx_HAL_Driver/Src/stm32u5xx_hal_gpio.c.obj
 .debug_abbrev  0x00000e41      0x1ff cmake/stm32cubemx/CMakeFiles/STM32_Drivers.dir/__/__/Drivers/STM32U5xx_HAL_Driver/Src/stm32u5xx_hal_dma.c.obj
 .debug_abbrev  0x00001040      0x215 cmake/stm32cubemx/CMakeFiles/STM32_Drivers.dir/__/__/Drivers/STM32U5xx_HAL_Driver/Src/stm32u5xx_hal_pwr_ex.c.obj
 .debug_abbrev  0x00001255      0x305 cmake/stm32cubemx/CMakeFiles/STM32_Drivers.dir/__/__/Drivers/STM32U5xx_HAL_Driver/Src/stm32u5xx_hal_uart.c.obj
 .debug_abbrev  0x0000155a      0x2d4 cmake/stm32cubemx/CMakeFiles/STM32_Drivers.dir/__/__/Drivers/STM32U5xx_HAL_Driver/Src/stm32u5xx_hal_uart_ex.c.obj
 .debug_abbrev  0x0000182e      0x27a CMakeFiles/test_08-04-2025_button.dir/Core/Src/main.c.obj
 .debug_abbrev  0x00001aa8      0x184 CMakeFiles/test_08-04-2025_button.dir/Core/Src/stm32u5xx_it.c.obj
 .debug_abbrev  0x00001c2c      0x20e CMakeFiles/test_08-04-2025_button.dir/Core/Src/stm32u5xx_hal_msp.c.obj
 .debug_abbrev  0x00001e3a       0x24 CMakeFiles/test_08-04-2025_button.dir/startup_stm32u575xx.s.obj

.debug_aranges  0x00000000      0xbd0
 .debug_aranges
                0x00000000       0x28 cmake/stm32cubemx/CMakeFiles/STM32_Drivers.dir/__/__/Core/Src/system_stm32u5xx.c.obj
 .debug_aranges
                0x00000028      0x140 cmake/stm32cubemx/CMakeFiles/STM32_Drivers.dir/__/__/Drivers/STM32U5xx_HAL_Driver/Src/stm32u5xx_hal_cortex.c.obj
 .debug_aranges
                0x00000168      0x148 cmake/stm32cubemx/CMakeFiles/STM32_Drivers.dir/__/__/Drivers/STM32U5xx_HAL_Driver/Src/stm32u5xx_hal.c.obj
 .debug_aranges
                0x000002b0       0xa8 cmake/stm32cubemx/CMakeFiles/STM32_Drivers.dir/__/__/Drivers/STM32U5xx_HAL_Driver/Src/stm32u5xx_hal_rcc.c.obj
 .debug_aranges
                0x00000358      0x160 cmake/stm32cubemx/CMakeFiles/STM32_Drivers.dir/__/__/Drivers/STM32U5xx_HAL_Driver/Src/stm32u5xx_hal_rcc_ex.c.obj
 .debug_aranges
                0x000004b8       0x78 cmake/stm32cubemx/CMakeFiles/STM32_Drivers.dir/__/__/Drivers/STM32U5xx_HAL_Driver/Src/stm32u5xx_hal_gpio.c.obj
 .debug_aranges
                0x00000530       0xa0 cmake/stm32cubemx/CMakeFiles/STM32_Drivers.dir/__/__/Drivers/STM32U5xx_HAL_Driver/Src/stm32u5xx_hal_dma.c.obj
 .debug_aranges
                0x000005d0      0x200 cmake/stm32cubemx/CMakeFiles/STM32_Drivers.dir/__/__/Drivers/STM32U5xx_HAL_Driver/Src/stm32u5xx_hal_pwr_ex.c.obj
 .debug_aranges
                0x000007d0      0x248 cmake/stm32cubemx/CMakeFiles/STM32_Drivers.dir/__/__/Drivers/STM32U5xx_HAL_Driver/Src/stm32u5xx_hal_uart.c.obj
 .debug_aranges
                0x00000a18       0xb8 cmake/stm32cubemx/CMakeFiles/STM32_Drivers.dir/__/__/Drivers/STM32U5xx_HAL_Driver/Src/stm32u5xx_hal_uart_ex.c.obj
 .debug_aranges
                0x00000ad0       0x40 CMakeFiles/test_08-04-2025_button.dir/Core/Src/main.c.obj
 .debug_aranges
                0x00000b10       0x68 CMakeFiles/test_08-04-2025_button.dir/Core/Src/stm32u5xx_it.c.obj
 .debug_aranges
                0x00000b78       0x30 CMakeFiles/test_08-04-2025_button.dir/Core/Src/stm32u5xx_hal_msp.c.obj
 .debug_aranges
                0x00000ba8       0x28 CMakeFiles/test_08-04-2025_button.dir/startup_stm32u575xx.s.obj

.debug_rnglists
                0x00000000      0x921
 .debug_rnglists
                0x00000000       0x1a cmake/stm32cubemx/CMakeFiles/STM32_Drivers.dir/__/__/Core/Src/system_stm32u5xx.c.obj
 .debug_rnglists
                0x0000001a       0xec cmake/stm32cubemx/CMakeFiles/STM32_Drivers.dir/__/__/Drivers/STM32U5xx_HAL_Driver/Src/stm32u5xx_hal_cortex.c.obj
 .debug_rnglists
                0x00000106       0xf3 cmake/stm32cubemx/CMakeFiles/STM32_Drivers.dir/__/__/Drivers/STM32U5xx_HAL_Driver/Src/stm32u5xx_hal.c.obj
 .debug_rnglists
                0x000001f9       0x7f cmake/stm32cubemx/CMakeFiles/STM32_Drivers.dir/__/__/Drivers/STM32U5xx_HAL_Driver/Src/stm32u5xx_hal_rcc.c.obj
 .debug_rnglists
                0x00000278      0x113 cmake/stm32cubemx/CMakeFiles/STM32_Drivers.dir/__/__/Drivers/STM32U5xx_HAL_Driver/Src/stm32u5xx_hal_rcc_ex.c.obj
 .debug_rnglists
                0x0000038b       0x5a cmake/stm32cubemx/CMakeFiles/STM32_Drivers.dir/__/__/Drivers/STM32U5xx_HAL_Driver/Src/stm32u5xx_hal_gpio.c.obj
 .debug_rnglists
                0x000003e5       0x7e cmake/stm32cubemx/CMakeFiles/STM32_Drivers.dir/__/__/Drivers/STM32U5xx_HAL_Driver/Src/stm32u5xx_hal_dma.c.obj
 .debug_rnglists
                0x00000463      0x186 cmake/stm32cubemx/CMakeFiles/STM32_Drivers.dir/__/__/Drivers/STM32U5xx_HAL_Driver/Src/stm32u5xx_hal_pwr_ex.c.obj
 .debug_rnglists
                0x000005e9      0x1fb cmake/stm32cubemx/CMakeFiles/STM32_Drivers.dir/__/__/Drivers/STM32U5xx_HAL_Driver/Src/stm32u5xx_hal_uart.c.obj
 .debug_rnglists
                0x000007e4       0x8c cmake/stm32cubemx/CMakeFiles/STM32_Drivers.dir/__/__/Drivers/STM32U5xx_HAL_Driver/Src/stm32u5xx_hal_uart_ex.c.obj
 .debug_rnglists
                0x00000870       0x2f CMakeFiles/test_08-04-2025_button.dir/Core/Src/main.c.obj
 .debug_rnglists
                0x0000089f       0x49 CMakeFiles/test_08-04-2025_button.dir/Core/Src/stm32u5xx_it.c.obj
 .debug_rnglists
                0x000008e8       0x20 CMakeFiles/test_08-04-2025_button.dir/Core/Src/stm32u5xx_hal_msp.c.obj
 .debug_rnglists
                0x00000908       0x19 CMakeFiles/test_08-04-2025_button.dir/startup_stm32u575xx.s.obj

.debug_macro    0x00000000    0x30755
 .debug_macro   0x00000000      0x251 cmake/stm32cubemx/CMakeFiles/STM32_Drivers.dir/__/__/Core/Src/system_stm32u5xx.c.obj
 .debug_macro   0x00000251      0xade cmake/stm32cubemx/CMakeFiles/STM32_Drivers.dir/__/__/Core/Src/system_stm32u5xx.c.obj
 .debug_macro   0x00000d2f       0x2e cmake/stm32cubemx/CMakeFiles/STM32_Drivers.dir/__/__/Core/Src/system_stm32u5xx.c.obj
 .debug_macro   0x00000d5d       0x42 cmake/stm32cubemx/CMakeFiles/STM32_Drivers.dir/__/__/Core/Src/system_stm32u5xx.c.obj
 .debug_macro   0x00000d9f       0x22 cmake/stm32cubemx/CMakeFiles/STM32_Drivers.dir/__/__/Core/Src/system_stm32u5xx.c.obj
 .debug_macro   0x00000dc1       0x8e cmake/stm32cubemx/CMakeFiles/STM32_Drivers.dir/__/__/Core/Src/system_stm32u5xx.c.obj
 .debug_macro   0x00000e4f       0x51 cmake/stm32cubemx/CMakeFiles/STM32_Drivers.dir/__/__/Core/Src/system_stm32u5xx.c.obj
 .debug_macro   0x00000ea0      0x103 cmake/stm32cubemx/CMakeFiles/STM32_Drivers.dir/__/__/Core/Src/system_stm32u5xx.c.obj
 .debug_macro   0x00000fa3       0x6a cmake/stm32cubemx/CMakeFiles/STM32_Drivers.dir/__/__/Core/Src/system_stm32u5xx.c.obj
 .debug_macro   0x0000100d      0x1df cmake/stm32cubemx/CMakeFiles/STM32_Drivers.dir/__/__/Core/Src/system_stm32u5xx.c.obj
 .debug_macro   0x000011ec       0x1c cmake/stm32cubemx/CMakeFiles/STM32_Drivers.dir/__/__/Core/Src/system_stm32u5xx.c.obj
 .debug_macro   0x00001208       0x29 cmake/stm32cubemx/CMakeFiles/STM32_Drivers.dir/__/__/Core/Src/system_stm32u5xx.c.obj
 .debug_macro   0x00001231       0xfb cmake/stm32cubemx/CMakeFiles/STM32_Drivers.dir/__/__/Core/Src/system_stm32u5xx.c.obj
 .debug_macro   0x0000132c     0x1685 cmake/stm32cubemx/CMakeFiles/STM32_Drivers.dir/__/__/Core/Src/system_stm32u5xx.c.obj
 .debug_macro   0x000029b1       0x5e cmake/stm32cubemx/CMakeFiles/STM32_Drivers.dir/__/__/Core/Src/system_stm32u5xx.c.obj
 .debug_macro   0x00002a0f    0x2279e cmake/stm32cubemx/CMakeFiles/STM32_Drivers.dir/__/__/Core/Src/system_stm32u5xx.c.obj
 .debug_macro   0x000251ad       0x6d cmake/stm32cubemx/CMakeFiles/STM32_Drivers.dir/__/__/Core/Src/system_stm32u5xx.c.obj
 .debug_macro   0x0002521a      0x1f5 cmake/stm32cubemx/CMakeFiles/STM32_Drivers.dir/__/__/Core/Src/system_stm32u5xx.c.obj
 .debug_macro   0x0002540f     0x393e cmake/stm32cubemx/CMakeFiles/STM32_Drivers.dir/__/__/Core/Src/system_stm32u5xx.c.obj
 .debug_macro   0x00028d4d      0x190 cmake/stm32cubemx/CMakeFiles/STM32_Drivers.dir/__/__/Core/Src/system_stm32u5xx.c.obj
 .debug_macro   0x00028edd       0x7b cmake/stm32cubemx/CMakeFiles/STM32_Drivers.dir/__/__/Core/Src/system_stm32u5xx.c.obj
 .debug_macro   0x00028f58       0x2a cmake/stm32cubemx/CMakeFiles/STM32_Drivers.dir/__/__/Core/Src/system_stm32u5xx.c.obj
 .debug_macro   0x00028f82       0x3c cmake/stm32cubemx/CMakeFiles/STM32_Drivers.dir/__/__/Core/Src/system_stm32u5xx.c.obj
 .debug_macro   0x00028fbe       0x34 cmake/stm32cubemx/CMakeFiles/STM32_Drivers.dir/__/__/Core/Src/system_stm32u5xx.c.obj
 .debug_macro   0x00028ff2      0x370 cmake/stm32cubemx/CMakeFiles/STM32_Drivers.dir/__/__/Core/Src/system_stm32u5xx.c.obj
 .debug_macro   0x00029362       0x16 cmake/stm32cubemx/CMakeFiles/STM32_Drivers.dir/__/__/Core/Src/system_stm32u5xx.c.obj
 .debug_macro   0x00029378       0x4a cmake/stm32cubemx/CMakeFiles/STM32_Drivers.dir/__/__/Core/Src/system_stm32u5xx.c.obj
 .debug_macro   0x000293c2       0x34 cmake/stm32cubemx/CMakeFiles/STM32_Drivers.dir/__/__/Core/Src/system_stm32u5xx.c.obj
 .debug_macro   0x000293f6       0x10 cmake/stm32cubemx/CMakeFiles/STM32_Drivers.dir/__/__/Core/Src/system_stm32u5xx.c.obj
 .debug_macro   0x00029406       0x58 cmake/stm32cubemx/CMakeFiles/STM32_Drivers.dir/__/__/Core/Src/system_stm32u5xx.c.obj
 .debug_macro   0x0002945e      0x1de cmake/stm32cubemx/CMakeFiles/STM32_Drivers.dir/__/__/Core/Src/system_stm32u5xx.c.obj
 .debug_macro   0x0002963c      0x19b cmake/stm32cubemx/CMakeFiles/STM32_Drivers.dir/__/__/Core/Src/system_stm32u5xx.c.obj
 .debug_macro   0x000297d7       0x5d cmake/stm32cubemx/CMakeFiles/STM32_Drivers.dir/__/__/Core/Src/system_stm32u5xx.c.obj
 .debug_macro   0x00029834     0x1ae5 cmake/stm32cubemx/CMakeFiles/STM32_Drivers.dir/__/__/Core/Src/system_stm32u5xx.c.obj
 .debug_macro   0x0002b319      0x7dc cmake/stm32cubemx/CMakeFiles/STM32_Drivers.dir/__/__/Core/Src/system_stm32u5xx.c.obj
 .debug_macro   0x0002baf5      0x166 cmake/stm32cubemx/CMakeFiles/STM32_Drivers.dir/__/__/Core/Src/system_stm32u5xx.c.obj
 .debug_macro   0x0002bc5b      0x2aa cmake/stm32cubemx/CMakeFiles/STM32_Drivers.dir/__/__/Core/Src/system_stm32u5xx.c.obj
 .debug_macro   0x0002bf05      0x5a5 cmake/stm32cubemx/CMakeFiles/STM32_Drivers.dir/__/__/Core/Src/system_stm32u5xx.c.obj
 .debug_macro   0x0002c4aa      0x439 cmake/stm32cubemx/CMakeFiles/STM32_Drivers.dir/__/__/Core/Src/system_stm32u5xx.c.obj
 .debug_macro   0x0002c8e3       0xd6 cmake/stm32cubemx/CMakeFiles/STM32_Drivers.dir/__/__/Core/Src/system_stm32u5xx.c.obj
 .debug_macro   0x0002c9b9      0x1cd cmake/stm32cubemx/CMakeFiles/STM32_Drivers.dir/__/__/Core/Src/system_stm32u5xx.c.obj
 .debug_macro   0x0002cb86      0x432 cmake/stm32cubemx/CMakeFiles/STM32_Drivers.dir/__/__/Core/Src/system_stm32u5xx.c.obj
 .debug_macro   0x0002cfb8       0x95 cmake/stm32cubemx/CMakeFiles/STM32_Drivers.dir/__/__/Core/Src/system_stm32u5xx.c.obj
 .debug_macro   0x0002d04d      0x11c cmake/stm32cubemx/CMakeFiles/STM32_Drivers.dir/__/__/Core/Src/system_stm32u5xx.c.obj
 .debug_macro   0x0002d169      0x525 cmake/stm32cubemx/CMakeFiles/STM32_Drivers.dir/__/__/Core/Src/system_stm32u5xx.c.obj
 .debug_macro   0x0002d68e      0x4bf cmake/stm32cubemx/CMakeFiles/STM32_Drivers.dir/__/__/Core/Src/system_stm32u5xx.c.obj
 .debug_macro   0x0002db4d      0x677 cmake/stm32cubemx/CMakeFiles/STM32_Drivers.dir/__/__/Core/Src/system_stm32u5xx.c.obj
 .debug_macro   0x0002e1c4      0x1a1 cmake/stm32cubemx/CMakeFiles/STM32_Drivers.dir/__/__/Core/Src/system_stm32u5xx.c.obj
 .debug_macro   0x0002e365      0x1c0 cmake/stm32cubemx/CMakeFiles/STM32_Drivers.dir/__/__/Core/Src/system_stm32u5xx.c.obj
 .debug_macro   0x0002e525      0x361 cmake/stm32cubemx/CMakeFiles/STM32_Drivers.dir/__/__/Core/Src/system_stm32u5xx.c.obj
 .debug_macro   0x0002e886      0x24a cmake/stm32cubemx/CMakeFiles/STM32_Drivers.dir/__/__/Drivers/STM32U5xx_HAL_Driver/Src/stm32u5xx_hal_cortex.c.obj
 .debug_macro   0x0002ead0      0x26e cmake/stm32cubemx/CMakeFiles/STM32_Drivers.dir/__/__/Drivers/STM32U5xx_HAL_Driver/Src/stm32u5xx_hal.c.obj
 .debug_macro   0x0002ed3e      0x350 cmake/stm32cubemx/CMakeFiles/STM32_Drivers.dir/__/__/Drivers/STM32U5xx_HAL_Driver/Src/stm32u5xx_hal_rcc.c.obj
 .debug_macro   0x0002f08e      0x374 cmake/stm32cubemx/CMakeFiles/STM32_Drivers.dir/__/__/Drivers/STM32U5xx_HAL_Driver/Src/stm32u5xx_hal_rcc_ex.c.obj
 .debug_macro   0x0002f402      0x27f cmake/stm32cubemx/CMakeFiles/STM32_Drivers.dir/__/__/Drivers/STM32U5xx_HAL_Driver/Src/stm32u5xx_hal_gpio.c.obj
 .debug_macro   0x0002f681      0x24b cmake/stm32cubemx/CMakeFiles/STM32_Drivers.dir/__/__/Drivers/STM32U5xx_HAL_Driver/Src/stm32u5xx_hal_dma.c.obj
 .debug_macro   0x0002f8cc      0x275 cmake/stm32cubemx/CMakeFiles/STM32_Drivers.dir/__/__/Drivers/STM32U5xx_HAL_Driver/Src/stm32u5xx_hal_pwr_ex.c.obj
 .debug_macro   0x0002fb41      0x275 cmake/stm32cubemx/CMakeFiles/STM32_Drivers.dir/__/__/Drivers/STM32U5xx_HAL_Driver/Src/stm32u5xx_hal_uart.c.obj
 .debug_macro   0x0002fdb6      0x256 cmake/stm32cubemx/CMakeFiles/STM32_Drivers.dir/__/__/Drivers/STM32U5xx_HAL_Driver/Src/stm32u5xx_hal_uart_ex.c.obj
 .debug_macro   0x0003000c      0x259 CMakeFiles/test_08-04-2025_button.dir/Core/Src/main.c.obj
 .debug_macro   0x00030265       0x34 CMakeFiles/test_08-04-2025_button.dir/Core/Src/main.c.obj
 .debug_macro   0x00030299      0x263 CMakeFiles/test_08-04-2025_button.dir/Core/Src/stm32u5xx_it.c.obj
 .debug_macro   0x000304fc      0x259 CMakeFiles/test_08-04-2025_button.dir/Core/Src/stm32u5xx_hal_msp.c.obj

.debug_line     0x00000000     0xd846
 .debug_line    0x00000000      0x774 cmake/stm32cubemx/CMakeFiles/STM32_Drivers.dir/__/__/Core/Src/system_stm32u5xx.c.obj
 .debug_line    0x00000774      0xcc5 cmake/stm32cubemx/CMakeFiles/STM32_Drivers.dir/__/__/Drivers/STM32U5xx_HAL_Driver/Src/stm32u5xx_hal_cortex.c.obj
 .debug_line    0x00001439      0xb15 cmake/stm32cubemx/CMakeFiles/STM32_Drivers.dir/__/__/Drivers/STM32U5xx_HAL_Driver/Src/stm32u5xx_hal.c.obj
 .debug_line    0x00001f4e     0x1502 cmake/stm32cubemx/CMakeFiles/STM32_Drivers.dir/__/__/Drivers/STM32U5xx_HAL_Driver/Src/stm32u5xx_hal_rcc.c.obj
 .debug_line    0x00003450     0x212d cmake/stm32cubemx/CMakeFiles/STM32_Drivers.dir/__/__/Drivers/STM32U5xx_HAL_Driver/Src/stm32u5xx_hal_rcc_ex.c.obj
 .debug_line    0x0000557d      0xc14 cmake/stm32cubemx/CMakeFiles/STM32_Drivers.dir/__/__/Drivers/STM32U5xx_HAL_Driver/Src/stm32u5xx_hal_gpio.c.obj
 .debug_line    0x00006191     0x10f7 cmake/stm32cubemx/CMakeFiles/STM32_Drivers.dir/__/__/Drivers/STM32U5xx_HAL_Driver/Src/stm32u5xx_hal_dma.c.obj
 .debug_line    0x00007288      0xff0 cmake/stm32cubemx/CMakeFiles/STM32_Drivers.dir/__/__/Drivers/STM32U5xx_HAL_Driver/Src/stm32u5xx_hal_pwr_ex.c.obj
 .debug_line    0x00008278     0x32bf cmake/stm32cubemx/CMakeFiles/STM32_Drivers.dir/__/__/Drivers/STM32U5xx_HAL_Driver/Src/stm32u5xx_hal_uart.c.obj
 .debug_line    0x0000b537      0xcb6 cmake/stm32cubemx/CMakeFiles/STM32_Drivers.dir/__/__/Drivers/STM32U5xx_HAL_Driver/Src/stm32u5xx_hal_uart_ex.c.obj
 .debug_line    0x0000c1ed      0x7cf CMakeFiles/test_08-04-2025_button.dir/Core/Src/main.c.obj
 .debug_line    0x0000c9bc      0x739 CMakeFiles/test_08-04-2025_button.dir/Core/Src/stm32u5xx_it.c.obj
 .debug_line    0x0000d0f5      0x6d8 CMakeFiles/test_08-04-2025_button.dir/Core/Src/stm32u5xx_hal_msp.c.obj
 .debug_line    0x0000d7cd       0x79 CMakeFiles/test_08-04-2025_button.dir/startup_stm32u575xx.s.obj

.debug_str      0x00000000   0x131489
 .debug_str     0x00000000   0x131489 cmake/stm32cubemx/CMakeFiles/STM32_Drivers.dir/__/__/Core/Src/system_stm32u5xx.c.obj
                             0x12a873 (size before relaxing)
 .debug_str     0x00131489   0x12b4b8 cmake/stm32cubemx/CMakeFiles/STM32_Drivers.dir/__/__/Drivers/STM32U5xx_HAL_Driver/Src/stm32u5xx_hal_cortex.c.obj
 .debug_str     0x00131489   0x12b6d8 cmake/stm32cubemx/CMakeFiles/STM32_Drivers.dir/__/__/Drivers/STM32U5xx_HAL_Driver/Src/stm32u5xx_hal.c.obj
 .debug_str     0x00131489   0x12bf68 cmake/stm32cubemx/CMakeFiles/STM32_Drivers.dir/__/__/Drivers/STM32U5xx_HAL_Driver/Src/stm32u5xx_hal_rcc.c.obj
 .debug_str     0x00131489   0x12d1cb cmake/stm32cubemx/CMakeFiles/STM32_Drivers.dir/__/__/Drivers/STM32U5xx_HAL_Driver/Src/stm32u5xx_hal_rcc_ex.c.obj
 .debug_str     0x00131489   0x12a898 cmake/stm32cubemx/CMakeFiles/STM32_Drivers.dir/__/__/Drivers/STM32U5xx_HAL_Driver/Src/stm32u5xx_hal_gpio.c.obj
 .debug_str     0x00131489   0x12abf7 cmake/stm32cubemx/CMakeFiles/STM32_Drivers.dir/__/__/Drivers/STM32U5xx_HAL_Driver/Src/stm32u5xx_hal_dma.c.obj
 .debug_str     0x00131489   0x12afb3 cmake/stm32cubemx/CMakeFiles/STM32_Drivers.dir/__/__/Drivers/STM32U5xx_HAL_Driver/Src/stm32u5xx_hal_pwr_ex.c.obj
 .debug_str     0x00131489   0x12b53a cmake/stm32cubemx/CMakeFiles/STM32_Drivers.dir/__/__/Drivers/STM32U5xx_HAL_Driver/Src/stm32u5xx_hal_uart.c.obj
 .debug_str     0x00131489   0x12afec cmake/stm32cubemx/CMakeFiles/STM32_Drivers.dir/__/__/Drivers/STM32U5xx_HAL_Driver/Src/stm32u5xx_hal_uart_ex.c.obj
 .debug_str     0x00131489   0x12b1df CMakeFiles/test_08-04-2025_button.dir/Core/Src/main.c.obj
 .debug_str     0x00131489   0x12ac63 CMakeFiles/test_08-04-2025_button.dir/Core/Src/stm32u5xx_it.c.obj
 .debug_str     0x00131489   0x12b964 CMakeFiles/test_08-04-2025_button.dir/Core/Src/stm32u5xx_hal_msp.c.obj
 .debug_str     0x00131489       0xac CMakeFiles/test_08-04-2025_button.dir/startup_stm32u575xx.s.obj

.comment        0x00000000       0x44
 .comment       0x00000000       0x44 cmake/stm32cubemx/CMakeFiles/STM32_Drivers.dir/__/__/Core/Src/system_stm32u5xx.c.obj
                                 0x45 (size before relaxing)
 .comment       0x00000044       0x45 cmake/stm32cubemx/CMakeFiles/STM32_Drivers.dir/__/__/Drivers/STM32U5xx_HAL_Driver/Src/stm32u5xx_hal_cortex.c.obj
 .comment       0x00000044       0x45 cmake/stm32cubemx/CMakeFiles/STM32_Drivers.dir/__/__/Drivers/STM32U5xx_HAL_Driver/Src/stm32u5xx_hal.c.obj
 .comment       0x00000044       0x45 cmake/stm32cubemx/CMakeFiles/STM32_Drivers.dir/__/__/Drivers/STM32U5xx_HAL_Driver/Src/stm32u5xx_hal_rcc.c.obj
 .comment       0x00000044       0x45 cmake/stm32cubemx/CMakeFiles/STM32_Drivers.dir/__/__/Drivers/STM32U5xx_HAL_Driver/Src/stm32u5xx_hal_rcc_ex.c.obj
 .comment       0x00000044       0x45 cmake/stm32cubemx/CMakeFiles/STM32_Drivers.dir/__/__/Drivers/STM32U5xx_HAL_Driver/Src/stm32u5xx_hal_gpio.c.obj
 .comment       0x00000044       0x45 cmake/stm32cubemx/CMakeFiles/STM32_Drivers.dir/__/__/Drivers/STM32U5xx_HAL_Driver/Src/stm32u5xx_hal_dma.c.obj
 .comment       0x00000044       0x45 cmake/stm32cubemx/CMakeFiles/STM32_Drivers.dir/__/__/Drivers/STM32U5xx_HAL_Driver/Src/stm32u5xx_hal_pwr_ex.c.obj
 .comment       0x00000044       0x45 cmake/stm32cubemx/CMakeFiles/STM32_Drivers.dir/__/__/Drivers/STM32U5xx_HAL_Driver/Src/stm32u5xx_hal_uart.c.obj
 .comment       0x00000044       0x45 cmake/stm32cubemx/CMakeFiles/STM32_Drivers.dir/__/__/Drivers/STM32U5xx_HAL_Driver/Src/stm32u5xx_hal_uart_ex.c.obj
 .comment       0x00000044       0x45 CMakeFiles/test_08-04-2025_button.dir/Core/Src/main.c.obj
 .comment       0x00000044       0x45 CMakeFiles/test_08-04-2025_button.dir/Core/Src/stm32u5xx_it.c.obj
 .comment       0x00000044       0x45 CMakeFiles/test_08-04-2025_button.dir/Core/Src/stm32u5xx_hal_msp.c.obj

.debug_line_str
                0x00000000      0x162
 .debug_line_str
                0x00000000      0x162 CMakeFiles/test_08-04-2025_button.dir/startup_stm32u575xx.s.obj
                                 0x90 (size before relaxing)
 .debug_line_str
                0x00000162       0xc6 /usr/share/gcc-arm-none-eabi-13.2.rel1/bin/../lib/gcc/arm-none-eabi/13.2.1/thumb/v8-m.main+fp/hard/libgcc.a(_aeabi_uldivmod.o)
 .debug_line_str
                0x00000162       0xca /usr/share/gcc-arm-none-eabi-13.2.rel1/bin/../lib/gcc/arm-none-eabi/13.2.1/thumb/v8-m.main+fp/hard/libgcc.a(_dvmd_tls.o)
